// Jest Snapshot v1, https://goo.gl/fbAQLP

exports[`Batting should render correctly when batter has no innings 1`] = `
<div
  className="MuiGrid-item-4 MuiGrid-grid-xs-12-43 MuiGrid-grid-sm-12-57 MuiGrid-grid-md-12-71 MuiGrid-grid-lg-8-81"
>
  <div
    className="MuiGrid-container-3 Batting-header-1"
  >
    <div
      className="MuiGrid-item-4 MuiGrid-grid-xs-10-41 MuiGrid-grid-md-7-66"
    >
      <h6
        className="MuiTypography-root-100 MuiTypography-h6-117 MuiTypography-colorInherit-129"
      >
        Batsman
      </h6>
    </div>
    <div
      className="MuiGrid-item-4 MuiGrid-grid-xs-2-33 MuiGrid-grid-md-1-60"
    >
      <h6
        className="MuiTypography-root-100 MuiTypography-h6-117 MuiTypography-colorInherit-129"
        style={
          Object {
            "textAlign": "right",
          }
        }
      >
        Runs
      </h6>
    </div>
    <div
      className="MuiGrid-item-4 MuiGrid-grid-md-1-60"
    >
      <h6
        className="MuiTypography-root-100 MuiTypography-h6-117 MuiTypography-colorInherit-129"
        style={
          Object {
            "textAlign": "right",
          }
        }
      >
        Balls
      </h6>
    </div>
    <div
      className="MuiGrid-item-4 MuiGrid-grid-md-1-60"
    >
      <h6
        className="MuiTypography-root-100 MuiTypography-h6-117 MuiTypography-colorInherit-129"
        style={
          Object {
            "textAlign": "right",
          }
        }
      >
        Mins
      </h6>
    </div>
    <div
      className="MuiGrid-item-4 MuiGrid-grid-md-1-60"
    >
      <h6
        className="MuiTypography-root-100 MuiTypography-h6-117 MuiTypography-colorInherit-129"
        style={
          Object {
            "textAlign": "right",
          }
        }
      >
        4s
      </h6>
    </div>
    <div
      className="MuiGrid-item-4 MuiGrid-grid-md-1-60"
    >
      <h6
        className="MuiTypography-root-100 MuiTypography-h6-117 MuiTypography-colorInherit-129"
        style={
          Object {
            "textAlign": "right",
          }
        }
      >
        6s
      </h6>
    </div>
  </div>
  <div
    className="MuiGrid-container-3"
  >
    <div
      className="MuiGrid-item-4 MuiGrid-grid-xs-4-35 MuiGrid-grid-md-3-62"
    >
      <p
        className="MuiTypography-root-100 MuiTypography-body2-108"
      >
        A Player
      </p>
    </div>
    <div
      className="MuiGrid-item-4 MuiGrid-grid-xs-6-37 MuiGrid-grid-md-4-63"
    >
      <p
        className="MuiTypography-root-100 MuiTypography-body2-108"
      >
        
      </p>
    </div>
    <div
      className="MuiGrid-item-4 MuiGrid-grid-xs-2-33 MuiGrid-grid-md-1-60"
    >
      <p
        className="MuiTypography-root-100 MuiTypography-body1-109"
        style={
          Object {
            "fontWeight": "bold",
            "textAlign": "right",
          }
        }
      >
        
      </p>
    </div>
    <div
      className="MuiGrid-item-4 MuiGrid-grid-md-1-60"
    >
      <p
        className="MuiTypography-root-100 MuiTypography-body1-109"
        style={
          Object {
            "textAlign": "right",
          }
        }
      >
        
      </p>
    </div>
    <div
      className="MuiGrid-item-4 MuiGrid-grid-md-1-60"
    >
      <p
        className="MuiTypography-root-100 MuiTypography-body1-109"
        style={
          Object {
            "textAlign": "right",
          }
        }
      >
        
      </p>
    </div>
    <div
      className="MuiGrid-item-4 MuiGrid-grid-md-1-60"
    >
      <p
        className="MuiTypography-root-100 MuiTypography-body1-109"
        style={
          Object {
            "textAlign": "right",
          }
        }
      >
        
      </p>
    </div>
    <div
      className="MuiGrid-item-4 MuiGrid-grid-md-1-60"
    >
      <p
        className="MuiTypography-root-100 MuiTypography-body1-109"
        style={
          Object {
            "textAlign": "right",
          }
        }
      >
        
      </p>
    </div>
  </div>
  <div
    className="MuiGrid-item-4 MuiGrid-grid-xs-12-43"
  >
    <hr
      className="MuiDivider-root-135"
    />
  </div>
  <div
    className="MuiGrid-container-3"
  >
    <div
      className="MuiGrid-item-4 MuiGrid-grid-xs-4-35 MuiGrid-grid-md-3-62"
    >
      <p
        className="MuiTypography-root-100 MuiTypography-body1-109"
      >
        Extras
      </p>
    </div>
    <div
      className="MuiGrid-item-4 MuiGrid-grid-xs-6-37 MuiGrid-grid-md-4-63"
    >
      <p
        className="MuiTypography-root-100 MuiTypography-body2-108"
      >
        0nb 0wd 0b 0lb
      </p>
    </div>
    <div
      className="MuiGrid-item-4 MuiGrid-grid-xs-2-33 MuiGrid-grid-md-1-60"
    >
      <p
        className="MuiTypography-root-100 MuiTypography-body1-109"
        style={
          Object {
            "fontWeight": "bold",
            "textAlign": "right",
          }
        }
      >
        0
      </p>
    </div>
  </div>
  <div
    className="MuiGrid-container-3 Batting-header-1"
  >
    <div
      className="MuiGrid-item-4 MuiGrid-grid-xs-4-35 MuiGrid-grid-md-3-62"
    >
      <h6
        className="MuiTypography-root-100 MuiTypography-h6-117 MuiTypography-colorInherit-129"
      >
        Total
      </h6>
    </div>
    <div
      className="MuiGrid-item-4 MuiGrid-grid-xs-6-37 MuiGrid-grid-md-4-63"
    >
      <h6
        className="MuiTypography-root-100 MuiTypography-h6-117 MuiTypography-colorInherit-129"
      >
        (1 wickets) (20 overs)
      </h6>
    </div>
    <div
      className="MuiGrid-item-4 MuiGrid-grid-xs-2-33 MuiGrid-grid-md-1-60"
    >
      <h6
        className="MuiTypography-root-100 MuiTypography-h6-117 MuiTypography-colorInherit-129"
        style={
          Object {
            "fontWeight": "bold",
            "textAlign": "right",
          }
        }
      >
        100
      </h6>
    </div>
  </div>
</div>
`;
