// Jest Snapshot v1, https://goo.gl/fbAQLP

exports[`Batting should render correctly when batter has no innings 1`] = `
<div>
  <div
    class="MuiGrid-item-4 MuiGrid-grid-xs-12-43 MuiGrid-grid-sm-12-57 MuiGrid-grid-md-12-71 MuiGrid-grid-lg-8-81"
  >
    <div
      class="MuiGrid-container-3 Batting-header-1"
    >
      <div
        class="MuiGrid-item-4 MuiGrid-grid-xs-10-41 MuiGrid-grid-md-7-66"
      >
        <h6
          class="MuiTypography-root-100 MuiTypography-subtitle1-118 MuiTypography-colorInherit-129"
        >
          Batsman
        </h6>
      </div>
      <div
        class="MuiGrid-item-4 MuiGrid-grid-xs-2-33 MuiGrid-grid-md-1-60"
      >
        <h6
          class="MuiTypography-root-100 MuiTypography-subtitle1-118 MuiTypography-colorInherit-129"
          style="text-align: right;"
        >
          Runs
        </h6>
      </div>
      <div
        class="MuiGrid-item-4 MuiGrid-grid-md-1-60"
      >
        <h6
          class="MuiTypography-root-100 MuiTypography-subtitle1-118 MuiTypography-colorInherit-129"
          style="text-align: right;"
        >
          Balls
        </h6>
      </div>
      <div
        class="MuiGrid-item-4 MuiGrid-grid-md-1-60"
      >
        <h6
          class="MuiTypography-root-100 MuiTypography-subtitle1-118 MuiTypography-colorInherit-129"
          style="text-align: right;"
        >
          Mins
        </h6>
      </div>
      <div
        class="MuiGrid-item-4 MuiGrid-grid-md-1-60"
      >
        <h6
          class="MuiTypography-root-100 MuiTypography-subtitle1-118 MuiTypography-colorInherit-129"
          style="text-align: right;"
        >
          4s
        </h6>
      </div>
      <div
        class="MuiGrid-item-4 MuiGrid-grid-md-1-60"
      >
        <h6
          class="MuiTypography-root-100 MuiTypography-subtitle1-118 MuiTypography-colorInherit-129"
          style="text-align: right;"
        >
          6s
        </h6>
      </div>
    </div>
    <div
      class="MuiGrid-container-3"
    >
      <div
        class="MuiGrid-item-4 MuiGrid-grid-xs-4-35 MuiGrid-grid-md-3-62"
      >
        <p
          class="MuiTypography-root-100 MuiTypography-body2-108"
        >
          A Player
        </p>
      </div>
      <div
        class="MuiGrid-item-4 MuiGrid-grid-xs-6-37 MuiGrid-grid-md-4-63"
      >
        <p
          class="MuiTypography-root-100 MuiTypography-body2-108"
        >
          <span />
        </p>
      </div>
      <div
        class="MuiGrid-item-4 MuiGrid-grid-xs-2-33 MuiGrid-grid-md-1-60"
      >
        <p
          class="MuiTypography-root-100 MuiTypography-body1-109"
          style="text-align: right; font-weight: bold;"
        >
          <span />
        </p>
      </div>
      <div
        class="MuiGrid-item-4 MuiGrid-grid-md-1-60"
      >
        <p
          class="MuiTypography-root-100 MuiTypography-body1-109"
          style="text-align: right;"
        >
          <span />
        </p>
      </div>
      <div
        class="MuiGrid-item-4 MuiGrid-grid-md-1-60"
      >
        <p
          class="MuiTypography-root-100 MuiTypography-body1-109"
          style="text-align: right;"
        >
          <span />
        </p>
      </div>
      <div
        class="MuiGrid-item-4 MuiGrid-grid-md-1-60"
      >
        <p
          class="MuiTypography-root-100 MuiTypography-body1-109"
          style="text-align: right;"
        >
          <span />
        </p>
      </div>
      <div
        class="MuiGrid-item-4 MuiGrid-grid-md-1-60"
      >
        <p
          class="MuiTypography-root-100 MuiTypography-body1-109"
          style="text-align: right;"
        >
          <span />
        </p>
      </div>
    </div>
    <div
      class="MuiGrid-item-4 MuiGrid-grid-xs-12-43"
    >
      <hr
        class="MuiDivider-root-135"
      />
    </div>
    <div
      class="MuiGrid-container-3"
    >
      <div
        class="MuiGrid-item-4 MuiGrid-grid-xs-4-35 MuiGrid-grid-md-3-62"
      >
        <p
          class="MuiTypography-root-100 MuiTypography-body1-109"
        >
          Extras
        </p>
      </div>
      <div
        class="MuiGrid-item-4 MuiGrid-grid-xs-6-37 MuiGrid-grid-md-4-63"
      >
        <p
          class="MuiTypography-root-100 MuiTypography-body2-108"
        >
          <span>
            0nb 0wd 0b 0lb
          </span>
        </p>
      </div>
      <div
        class="MuiGrid-item-4 MuiGrid-grid-xs-2-33 MuiGrid-grid-md-1-60"
      >
        <p
          class="MuiTypography-root-100 MuiTypography-body1-109"
          style="text-align: right; font-weight: bold;"
        >
          <span>
            0
          </span>
        </p>
      </div>
    </div>
    <div
      class="MuiGrid-container-3 Batting-header-1"
    >
      <div
        class="MuiGrid-item-4 MuiGrid-grid-xs-4-35 MuiGrid-grid-md-3-62"
      >
        <h6
          class="MuiTypography-root-100 MuiTypography-subtitle1-118 MuiTypography-colorInherit-129"
        >
          Total
        </h6>
      </div>
      <div
        class="MuiGrid-item-4 MuiGrid-grid-md-4-63"
      >
        <h6
          class="MuiTypography-root-100 MuiTypography-subtitle1-118 MuiTypography-colorInherit-129"
        >
          <span>
            for 1 (20 overs)
          </span>
        </h6>
      </div>
      <div
        class="MuiGrid-item-4 MuiGrid-grid-xs-2-33 MuiGrid-grid-md-1-60"
      >
        <h6
          class="MuiTypography-root-100 MuiTypography-subtitle1-118 MuiTypography-colorInherit-129"
          style="text-align: right; font-weight: bold;"
        >
          <span>
            100
          </span>
        </h6>
      </div>
    </div>
  </div>
</div>
`;
