// Jest Snapshot v1, https://goo.gl/fbAQLP

exports[`Scorecard should render correctly 1`] = `
<div>
  <div
    class="MuiPaper-root-2 MuiPaper-elevation1-5 MuiPaper-rounded-3 Component-root-1"
  >
    <div
      style="text-align: center;"
    >
      <h6
        class="MuiTypography-root-29 MuiTypography-h6-46"
      >
        28-Apr-2018
      </h6>
      <h5
        class="MuiTypography-root-29 MuiTypography-h5-45"
      >
        Cleckheaton v Baildon
      </h5>
      <h6
        class="MuiTypography-root-29 MuiTypography-h6-46"
      >
        <span>
          Baildon won by 8 runs
        </span>
      </h6>
      <p
        class="MuiTypography-root-29 MuiTypography-body1-38 MuiTypography-colorTextSecondary-62"
      >
        <span />
      </p>
    </div>
    <hr
      class="MuiDivider-root-64"
    />
    <div
      class="MuiTabs-root-68"
    >
      <div
        class="MuiTabs-flexContainer-69"
      >
        <div
          class="MuiTabs-scroller-71 MuiTabs-fixed-72"
          role="tablist"
          style="margin-bottom: 0px;"
        >
          <div
            class="MuiTabs-flexContainer-69 MuiTabs-centered-70"
          >
            <button
              aria-selected="false"
              class="MuiButtonBase-root-89 MuiTab-root-77 MuiTab-textColorPrimary-80"
              role="tab"
              tabindex="0"
              type="button"
            >
              <span
                class="MuiTab-wrapper-85"
              >
                <span
                  class="MuiTab-labelContainer-86"
                >
                  <span
                    class="MuiTab-label-87"
                  >
                    1st innings
                  </span>
                </span>
              </span>
              <span
                class="MuiTouchRipple-root-196"
              />
            </button>
            <button
              aria-selected="true"
              class="MuiButtonBase-root-89 MuiTab-root-77 MuiTab-textColorPrimary-80 MuiTab-selected-82"
              role="tab"
              tabindex="0"
              type="button"
            >
              <span
                class="MuiTab-wrapper-85"
              >
                <span
                  class="MuiTab-labelContainer-86"
                >
                  <span
                    class="MuiTab-label-87"
                  >
                    2nd innings
                  </span>
                </span>
              </span>
              <span
                class="MuiTouchRipple-root-196"
              />
            </button>
          </div>
          <span
            class="MuiPrivateTabIndicator-root-92 MuiPrivateTabIndicator-colorPrimary-93 MuiTabs-indicator-76"
            style="left: 0px; width: 0px;"
          />
        </div>
      </div>
    </div>
    <div
      style="overflow-x: hidden;"
    >
      <div
        class="react-swipeable-view-container"
        style="direction: ltr; display: flex;"
      >
        <div
          aria-hidden="false"
          data-swipeable="true"
          style="width: 100%; overflow: auto;"
        >
          <h5
            class="MuiTypography-root-29 MuiTypography-h5-45"
          >
            <span>
              Cleckheaton 122 all out
            </span>
          </h5>
          <div
            class="MuiGrid-container-95"
          >
            <div
              class="MuiGrid-item-96 MuiGrid-grid-xs-12-135 MuiGrid-grid-sm-12-149 MuiGrid-grid-md-12-163 MuiGrid-grid-lg-8-173"
            >
              <div
                class="MuiGrid-container-95 Batting-header-192"
              >
                <div
                  class="MuiGrid-item-96 MuiGrid-grid-xs-10-133 MuiGrid-grid-md-7-158"
                >
                  <h6
                    class="MuiTypography-root-29 MuiTypography-subtitle1-47 MuiTypography-colorInherit-58"
                  >
                    Batsman
                  </h6>
                </div>
                <div
                  class="MuiGrid-item-96 MuiGrid-grid-xs-2-125 MuiGrid-grid-md-1-152"
                >
                  <h6
                    class="MuiTypography-root-29 MuiTypography-subtitle1-47 MuiTypography-colorInherit-58"
                    style="text-align: right;"
                  >
                    Runs
                  </h6>
                </div>
                <div
                  class="MuiGrid-item-96 MuiGrid-grid-md-1-152"
                >
                  <h6
                    class="MuiTypography-root-29 MuiTypography-subtitle1-47 MuiTypography-colorInherit-58"
                    style="text-align: right;"
                  >
                    Balls
                  </h6>
                </div>
                <div
                  class="MuiGrid-item-96 MuiGrid-grid-md-1-152"
                >
                  <h6
                    class="MuiTypography-root-29 MuiTypography-subtitle1-47 MuiTypography-colorInherit-58"
                    style="text-align: right;"
                  >
                    Mins
                  </h6>
                </div>
                <div
                  class="MuiGrid-item-96 MuiGrid-grid-md-1-152"
                >
                  <h6
                    class="MuiTypography-root-29 MuiTypography-subtitle1-47 MuiTypography-colorInherit-58"
                    style="text-align: right;"
                  >
                    4s
                  </h6>
                </div>
                <div
                  class="MuiGrid-item-96 MuiGrid-grid-md-1-152"
                >
                  <h6
                    class="MuiTypography-root-29 MuiTypography-subtitle1-47 MuiTypography-colorInherit-58"
                    style="text-align: right;"
                  >
                    6s
                  </h6>
                </div>
              </div>
              <div
                class="MuiGrid-container-95"
              >
                <div
                  class="MuiGrid-item-96 MuiGrid-grid-xs-4-127 MuiGrid-grid-md-3-154"
                >
                  <p
                    class="MuiTypography-root-29 MuiTypography-body2-37"
                  >
                    C Dobson
                  </p>
                </div>
                <div
                  class="MuiGrid-item-96 MuiGrid-grid-xs-6-129 MuiGrid-grid-md-4-155"
                >
                  <p
                    class="MuiTypography-root-29 MuiTypography-body2-37"
                  >
                    <span>
                      lbw D Metcalfe
                    </span>
                  </p>
                </div>
                <div
                  class="MuiGrid-item-96 MuiGrid-grid-xs-2-125 MuiGrid-grid-md-1-152"
                >
                  <p
                    class="MuiTypography-root-29 MuiTypography-body1-38"
                    style="text-align: right; font-weight: bold;"
                  >
                    <span>
                      3
                    </span>
                  </p>
                </div>
                <div
                  class="MuiGrid-item-96 MuiGrid-grid-md-1-152"
                >
                  <p
                    class="MuiTypography-root-29 MuiTypography-body1-38"
                    style="text-align: right;"
                  >
                    <span>
                      11
                    </span>
                  </p>
                </div>
                <div
                  class="MuiGrid-item-96 MuiGrid-grid-md-1-152"
                >
                  <p
                    class="MuiTypography-root-29 MuiTypography-body1-38"
                    style="text-align: right;"
                  >
                    <span>
                      0
                    </span>
                  </p>
                </div>
                <div
                  class="MuiGrid-item-96 MuiGrid-grid-md-1-152"
                >
                  <p
                    class="MuiTypography-root-29 MuiTypography-body1-38"
                    style="text-align: right;"
                  >
                    <span>
                      0
                    </span>
                  </p>
                </div>
                <div
                  class="MuiGrid-item-96 MuiGrid-grid-md-1-152"
                >
                  <p
                    class="MuiTypography-root-29 MuiTypography-body1-38"
                    style="text-align: right;"
                  >
                    <span>
                      0
                    </span>
                  </p>
                </div>
              </div>
              <div
                class="MuiGrid-item-96 MuiGrid-grid-xs-12-135"
              >
                <hr
                  class="MuiDivider-root-64"
                />
              </div>
              <div
                class="MuiGrid-container-95"
              >
                <div
                  class="MuiGrid-item-96 MuiGrid-grid-xs-4-127 MuiGrid-grid-md-3-154"
                >
                  <p
                    class="MuiTypography-root-29 MuiTypography-body2-37"
                  >
                    R Noble
                  </p>
                </div>
                <div
                  class="MuiGrid-item-96 MuiGrid-grid-xs-6-129 MuiGrid-grid-md-4-155"
                >
                  <p
                    class="MuiTypography-root-29 MuiTypography-body2-37"
                  >
                    <span>
                      ct C Dobson b J Abbott
                    </span>
                  </p>
                </div>
                <div
                  class="MuiGrid-item-96 MuiGrid-grid-xs-2-125 MuiGrid-grid-md-1-152"
                >
                  <p
                    class="MuiTypography-root-29 MuiTypography-body1-38"
                    style="text-align: right; font-weight: bold;"
                  >
                    <span>
                      40
                    </span>
                  </p>
                </div>
                <div
                  class="MuiGrid-item-96 MuiGrid-grid-md-1-152"
                >
                  <p
                    class="MuiTypography-root-29 MuiTypography-body1-38"
                    style="text-align: right;"
                  >
                    <span>
                      49
                    </span>
                  </p>
                </div>
                <div
                  class="MuiGrid-item-96 MuiGrid-grid-md-1-152"
                >
                  <p
                    class="MuiTypography-root-29 MuiTypography-body1-38"
                    style="text-align: right;"
                  >
                    <span>
                      0
                    </span>
                  </p>
                </div>
                <div
                  class="MuiGrid-item-96 MuiGrid-grid-md-1-152"
                >
                  <p
                    class="MuiTypography-root-29 MuiTypography-body1-38"
                    style="text-align: right;"
                  >
                    <span>
                      6
                    </span>
                  </p>
                </div>
                <div
                  class="MuiGrid-item-96 MuiGrid-grid-md-1-152"
                >
                  <p
                    class="MuiTypography-root-29 MuiTypography-body1-38"
                    style="text-align: right;"
                  >
                    <span>
                      0
                    </span>
                  </p>
                </div>
              </div>
              <div
                class="MuiGrid-item-96 MuiGrid-grid-xs-12-135"
              >
                <hr
                  class="MuiDivider-root-64"
                />
              </div>
              <div
                class="MuiGrid-container-95"
              >
                <div
                  class="MuiGrid-item-96 MuiGrid-grid-xs-4-127 MuiGrid-grid-md-3-154"
                >
                  <p
                    class="MuiTypography-root-29 MuiTypography-body2-37"
                  >
                    E Lee
                  </p>
                </div>
                <div
                  class="MuiGrid-item-96 MuiGrid-grid-xs-6-129 MuiGrid-grid-md-4-155"
                >
                  <p
                    class="MuiTypography-root-29 MuiTypography-body2-37"
                  >
                    <span>
                      ct S Rehman b D Hunt
                    </span>
                  </p>
                </div>
                <div
                  class="MuiGrid-item-96 MuiGrid-grid-xs-2-125 MuiGrid-grid-md-1-152"
                >
                  <p
                    class="MuiTypography-root-29 MuiTypography-body1-38"
                    style="text-align: right; font-weight: bold;"
                  >
                    <span>
                      2
                    </span>
                  </p>
                </div>
                <div
                  class="MuiGrid-item-96 MuiGrid-grid-md-1-152"
                >
                  <p
                    class="MuiTypography-root-29 MuiTypography-body1-38"
                    style="text-align: right;"
                  >
                    <span>
                      13
                    </span>
                  </p>
                </div>
                <div
                  class="MuiGrid-item-96 MuiGrid-grid-md-1-152"
                >
                  <p
                    class="MuiTypography-root-29 MuiTypography-body1-38"
                    style="text-align: right;"
                  >
                    <span>
                      0
                    </span>
                  </p>
                </div>
                <div
                  class="MuiGrid-item-96 MuiGrid-grid-md-1-152"
                >
                  <p
                    class="MuiTypography-root-29 MuiTypography-body1-38"
                    style="text-align: right;"
                  >
                    <span>
                      0
                    </span>
                  </p>
                </div>
                <div
                  class="MuiGrid-item-96 MuiGrid-grid-md-1-152"
                >
                  <p
                    class="MuiTypography-root-29 MuiTypography-body1-38"
                    style="text-align: right;"
                  >
                    <span>
                      0
                    </span>
                  </p>
                </div>
              </div>
              <div
                class="MuiGrid-item-96 MuiGrid-grid-xs-12-135"
              >
                <hr
                  class="MuiDivider-root-64"
                />
              </div>
              <div
                class="MuiGrid-container-95"
              >
                <div
                  class="MuiGrid-item-96 MuiGrid-grid-xs-4-127 MuiGrid-grid-md-3-154"
                >
                  <p
                    class="MuiTypography-root-29 MuiTypography-body2-37"
                  >
                    S Rehman
                  </p>
                </div>
                <div
                  class="MuiGrid-item-96 MuiGrid-grid-xs-6-129 MuiGrid-grid-md-4-155"
                >
                  <p
                    class="MuiTypography-root-29 MuiTypography-body2-37"
                  >
                    <span>
                      run out
                    </span>
                  </p>
                </div>
                <div
                  class="MuiGrid-item-96 MuiGrid-grid-xs-2-125 MuiGrid-grid-md-1-152"
                >
                  <p
                    class="MuiTypography-root-29 MuiTypography-body1-38"
                    style="text-align: right; font-weight: bold;"
                  >
                    <span>
                      1
                    </span>
                  </p>
                </div>
                <div
                  class="MuiGrid-item-96 MuiGrid-grid-md-1-152"
                >
                  <p
                    class="MuiTypography-root-29 MuiTypography-body1-38"
                    style="text-align: right;"
                  >
                    <span>
                      3
                    </span>
                  </p>
                </div>
                <div
                  class="MuiGrid-item-96 MuiGrid-grid-md-1-152"
                >
                  <p
                    class="MuiTypography-root-29 MuiTypography-body1-38"
                    style="text-align: right;"
                  >
                    <span>
                      0
                    </span>
                  </p>
                </div>
                <div
                  class="MuiGrid-item-96 MuiGrid-grid-md-1-152"
                >
                  <p
                    class="MuiTypography-root-29 MuiTypography-body1-38"
                    style="text-align: right;"
                  >
                    <span>
                      0
                    </span>
                  </p>
                </div>
                <div
                  class="MuiGrid-item-96 MuiGrid-grid-md-1-152"
                >
                  <p
                    class="MuiTypography-root-29 MuiTypography-body1-38"
                    style="text-align: right;"
                  >
                    <span>
                      0
                    </span>
                  </p>
                </div>
              </div>
              <div
                class="MuiGrid-item-96 MuiGrid-grid-xs-12-135"
              >
                <hr
                  class="MuiDivider-root-64"
                />
              </div>
              <div
                class="MuiGrid-container-95"
              >
                <div
                  class="MuiGrid-item-96 MuiGrid-grid-xs-4-127 MuiGrid-grid-md-3-154"
                >
                  <p
                    class="MuiTypography-root-29 MuiTypography-body2-37"
                  >
                    Z Shah
                  </p>
                </div>
                <div
                  class="MuiGrid-item-96 MuiGrid-grid-xs-6-129 MuiGrid-grid-md-4-155"
                >
                  <p
                    class="MuiTypography-root-29 MuiTypography-body2-37"
                  >
                    <span>
                      lbw D Hunt
                    </span>
                  </p>
                </div>
                <div
                  class="MuiGrid-item-96 MuiGrid-grid-xs-2-125 MuiGrid-grid-md-1-152"
                >
                  <p
                    class="MuiTypography-root-29 MuiTypography-body1-38"
                    style="text-align: right; font-weight: bold;"
                  >
                    <span>
                      0
                    </span>
                  </p>
                </div>
                <div
                  class="MuiGrid-item-96 MuiGrid-grid-md-1-152"
                >
                  <p
                    class="MuiTypography-root-29 MuiTypography-body1-38"
                    style="text-align: right;"
                  >
                    <span>
                      1
                    </span>
                  </p>
                </div>
                <div
                  class="MuiGrid-item-96 MuiGrid-grid-md-1-152"
                >
                  <p
                    class="MuiTypography-root-29 MuiTypography-body1-38"
                    style="text-align: right;"
                  >
                    <span>
                      0
                    </span>
                  </p>
                </div>
                <div
                  class="MuiGrid-item-96 MuiGrid-grid-md-1-152"
                >
                  <p
                    class="MuiTypography-root-29 MuiTypography-body1-38"
                    style="text-align: right;"
                  >
                    <span>
                      0
                    </span>
                  </p>
                </div>
                <div
                  class="MuiGrid-item-96 MuiGrid-grid-md-1-152"
                >
                  <p
                    class="MuiTypography-root-29 MuiTypography-body1-38"
                    style="text-align: right;"
                  >
                    <span>
                      0
                    </span>
                  </p>
                </div>
              </div>
              <div
                class="MuiGrid-item-96 MuiGrid-grid-xs-12-135"
              >
                <hr
                  class="MuiDivider-root-64"
                />
              </div>
              <div
                class="MuiGrid-container-95"
              >
                <div
                  class="MuiGrid-item-96 MuiGrid-grid-xs-4-127 MuiGrid-grid-md-3-154"
                >
                  <p
                    class="MuiTypography-root-29 MuiTypography-body2-37"
                  >
                    E Hallas
                  </p>
                </div>
                <div
                  class="MuiGrid-item-96 MuiGrid-grid-xs-6-129 MuiGrid-grid-md-4-155"
                >
                  <p
                    class="MuiTypography-root-29 MuiTypography-body2-37"
                  >
                    <span>
                      bowled J Abbott
                    </span>
                  </p>
                </div>
                <div
                  class="MuiGrid-item-96 MuiGrid-grid-xs-2-125 MuiGrid-grid-md-1-152"
                >
                  <p
                    class="MuiTypography-root-29 MuiTypography-body1-38"
                    style="text-align: right; font-weight: bold;"
                  >
                    <span>
                      35
                    </span>
                  </p>
                </div>
                <div
                  class="MuiGrid-item-96 MuiGrid-grid-md-1-152"
                >
                  <p
                    class="MuiTypography-root-29 MuiTypography-body1-38"
                    style="text-align: right;"
                  >
                    <span>
                      46
                    </span>
                  </p>
                </div>
                <div
                  class="MuiGrid-item-96 MuiGrid-grid-md-1-152"
                >
                  <p
                    class="MuiTypography-root-29 MuiTypography-body1-38"
                    style="text-align: right;"
                  >
                    <span>
                      0
                    </span>
                  </p>
                </div>
                <div
                  class="MuiGrid-item-96 MuiGrid-grid-md-1-152"
                >
                  <p
                    class="MuiTypography-root-29 MuiTypography-body1-38"
                    style="text-align: right;"
                  >
                    <span>
                      2
                    </span>
                  </p>
                </div>
                <div
                  class="MuiGrid-item-96 MuiGrid-grid-md-1-152"
                >
                  <p
                    class="MuiTypography-root-29 MuiTypography-body1-38"
                    style="text-align: right;"
                  >
                    <span>
                      3
                    </span>
                  </p>
                </div>
              </div>
              <div
                class="MuiGrid-item-96 MuiGrid-grid-xs-12-135"
              >
                <hr
                  class="MuiDivider-root-64"
                />
              </div>
              <div
                class="MuiGrid-container-95"
              >
                <div
                  class="MuiGrid-item-96 MuiGrid-grid-xs-4-127 MuiGrid-grid-md-3-154"
                >
                  <p
                    class="MuiTypography-root-29 MuiTypography-body2-37"
                  >
                    C Blackburn
                  </p>
                </div>
                <div
                  class="MuiGrid-item-96 MuiGrid-grid-xs-6-129 MuiGrid-grid-md-4-155"
                >
                  <p
                    class="MuiTypography-root-29 MuiTypography-body2-37"
                  >
                    <span>
                      ct C Blackburn b A Sayed
                    </span>
                  </p>
                </div>
                <div
                  class="MuiGrid-item-96 MuiGrid-grid-xs-2-125 MuiGrid-grid-md-1-152"
                >
                  <p
                    class="MuiTypography-root-29 MuiTypography-body1-38"
                    style="text-align: right; font-weight: bold;"
                  >
                    <span>
                      19
                    </span>
                  </p>
                </div>
                <div
                  class="MuiGrid-item-96 MuiGrid-grid-md-1-152"
                >
                  <p
                    class="MuiTypography-root-29 MuiTypography-body1-38"
                    style="text-align: right;"
                  >
                    <span>
                      22
                    </span>
                  </p>
                </div>
                <div
                  class="MuiGrid-item-96 MuiGrid-grid-md-1-152"
                >
                  <p
                    class="MuiTypography-root-29 MuiTypography-body1-38"
                    style="text-align: right;"
                  >
                    <span>
                      0
                    </span>
                  </p>
                </div>
                <div
                  class="MuiGrid-item-96 MuiGrid-grid-md-1-152"
                >
                  <p
                    class="MuiTypography-root-29 MuiTypography-body1-38"
                    style="text-align: right;"
                  >
                    <span>
                      1
                    </span>
                  </p>
                </div>
                <div
                  class="MuiGrid-item-96 MuiGrid-grid-md-1-152"
                >
                  <p
                    class="MuiTypography-root-29 MuiTypography-body1-38"
                    style="text-align: right;"
                  >
                    <span>
                      0
                    </span>
                  </p>
                </div>
              </div>
              <div
                class="MuiGrid-item-96 MuiGrid-grid-xs-12-135"
              >
                <hr
                  class="MuiDivider-root-64"
                />
              </div>
              <div
                class="MuiGrid-container-95"
              >
                <div
                  class="MuiGrid-item-96 MuiGrid-grid-xs-4-127 MuiGrid-grid-md-3-154"
                >
                  <p
                    class="MuiTypography-root-29 MuiTypography-body2-37"
                  >
                    B Butt
                  </p>
                </div>
                <div
                  class="MuiGrid-item-96 MuiGrid-grid-xs-6-129 MuiGrid-grid-md-4-155"
                >
                  <p
                    class="MuiTypography-root-29 MuiTypography-body2-37"
                  >
                    <span>
                      run out (C Blackburn)
                    </span>
                  </p>
                </div>
                <div
                  class="MuiGrid-item-96 MuiGrid-grid-xs-2-125 MuiGrid-grid-md-1-152"
                >
                  <p
                    class="MuiTypography-root-29 MuiTypography-body1-38"
                    style="text-align: right; font-weight: bold;"
                  >
                    <span>
                      4
                    </span>
                  </p>
                </div>
                <div
                  class="MuiGrid-item-96 MuiGrid-grid-md-1-152"
                >
                  <p
                    class="MuiTypography-root-29 MuiTypography-body1-38"
                    style="text-align: right;"
                  >
                    <span>
                      31
                    </span>
                  </p>
                </div>
                <div
                  class="MuiGrid-item-96 MuiGrid-grid-md-1-152"
                >
                  <p
                    class="MuiTypography-root-29 MuiTypography-body1-38"
                    style="text-align: right;"
                  >
                    <span>
                      0
                    </span>
                  </p>
                </div>
                <div
                  class="MuiGrid-item-96 MuiGrid-grid-md-1-152"
                >
                  <p
                    class="MuiTypography-root-29 MuiTypography-body1-38"
                    style="text-align: right;"
                  >
                    <span>
                      0
                    </span>
                  </p>
                </div>
                <div
                  class="MuiGrid-item-96 MuiGrid-grid-md-1-152"
                >
                  <p
                    class="MuiTypography-root-29 MuiTypography-body1-38"
                    style="text-align: right;"
                  >
                    <span>
                      0
                    </span>
                  </p>
                </div>
              </div>
              <div
                class="MuiGrid-item-96 MuiGrid-grid-xs-12-135"
              >
                <hr
                  class="MuiDivider-root-64"
                />
              </div>
              <div
                class="MuiGrid-container-95"
              >
                <div
                  class="MuiGrid-item-96 MuiGrid-grid-xs-4-127 MuiGrid-grid-md-3-154"
                >
                  <p
                    class="MuiTypography-root-29 MuiTypography-body2-37"
                  >
                    A Midgley
                  </p>
                </div>
                <div
                  class="MuiGrid-item-96 MuiGrid-grid-xs-6-129 MuiGrid-grid-md-4-155"
                >
                  <p
                    class="MuiTypography-root-29 MuiTypography-body2-37"
                  >
                    <span>
                      not out
                    </span>
                  </p>
                </div>
                <div
                  class="MuiGrid-item-96 MuiGrid-grid-xs-2-125 MuiGrid-grid-md-1-152"
                >
                  <p
                    class="MuiTypography-root-29 MuiTypography-body1-38"
                    style="text-align: right; font-weight: bold;"
                  >
                    <span>
                      4
                    </span>
                  </p>
                </div>
                <div
                  class="MuiGrid-item-96 MuiGrid-grid-md-1-152"
                >
                  <p
                    class="MuiTypography-root-29 MuiTypography-body1-38"
                    style="text-align: right;"
                  >
                    <span>
                      20
                    </span>
                  </p>
                </div>
                <div
                  class="MuiGrid-item-96 MuiGrid-grid-md-1-152"
                >
                  <p
                    class="MuiTypography-root-29 MuiTypography-body1-38"
                    style="text-align: right;"
                  >
                    <span>
                      0
                    </span>
                  </p>
                </div>
                <div
                  class="MuiGrid-item-96 MuiGrid-grid-md-1-152"
                >
                  <p
                    class="MuiTypography-root-29 MuiTypography-body1-38"
                    style="text-align: right;"
                  >
                    <span>
                      0
                    </span>
                  </p>
                </div>
                <div
                  class="MuiGrid-item-96 MuiGrid-grid-md-1-152"
                >
                  <p
                    class="MuiTypography-root-29 MuiTypography-body1-38"
                    style="text-align: right;"
                  >
                    <span>
                      0
                    </span>
                  </p>
                </div>
              </div>
              <div
                class="MuiGrid-item-96 MuiGrid-grid-xs-12-135"
              >
                <hr
                  class="MuiDivider-root-64"
                />
              </div>
              <div
                class="MuiGrid-container-95"
              >
                <div
                  class="MuiGrid-item-96 MuiGrid-grid-xs-4-127 MuiGrid-grid-md-3-154"
                >
                  <p
                    class="MuiTypography-root-29 MuiTypography-body2-37"
                  >
                    A Rehman
                  </p>
                </div>
                <div
                  class="MuiGrid-item-96 MuiGrid-grid-xs-6-129 MuiGrid-grid-md-4-155"
                >
                  <p
                    class="MuiTypography-root-29 MuiTypography-body2-37"
                  >
                    <span>
                      lbw A Sayed
                    </span>
                  </p>
                </div>
                <div
                  class="MuiGrid-item-96 MuiGrid-grid-xs-2-125 MuiGrid-grid-md-1-152"
                >
                  <p
                    class="MuiTypography-root-29 MuiTypography-body1-38"
                    style="text-align: right; font-weight: bold;"
                  >
                    <span>
                      0
                    </span>
                  </p>
                </div>
                <div
                  class="MuiGrid-item-96 MuiGrid-grid-md-1-152"
                >
                  <p
                    class="MuiTypography-root-29 MuiTypography-body1-38"
                    style="text-align: right;"
                  >
                    <span>
                      1
                    </span>
                  </p>
                </div>
                <div
                  class="MuiGrid-item-96 MuiGrid-grid-md-1-152"
                >
                  <p
                    class="MuiTypography-root-29 MuiTypography-body1-38"
                    style="text-align: right;"
                  >
                    <span>
                      0
                    </span>
                  </p>
                </div>
                <div
                  class="MuiGrid-item-96 MuiGrid-grid-md-1-152"
                >
                  <p
                    class="MuiTypography-root-29 MuiTypography-body1-38"
                    style="text-align: right;"
                  >
                    <span>
                      0
                    </span>
                  </p>
                </div>
                <div
                  class="MuiGrid-item-96 MuiGrid-grid-md-1-152"
                >
                  <p
                    class="MuiTypography-root-29 MuiTypography-body1-38"
                    style="text-align: right;"
                  >
                    <span>
                      0
                    </span>
                  </p>
                </div>
              </div>
              <div
                class="MuiGrid-item-96 MuiGrid-grid-xs-12-135"
              >
                <hr
                  class="MuiDivider-root-64"
                />
              </div>
              <div
                class="MuiGrid-container-95"
              >
                <div
                  class="MuiGrid-item-96 MuiGrid-grid-xs-4-127 MuiGrid-grid-md-3-154"
                >
                  <p
                    class="MuiTypography-root-29 MuiTypography-body2-37"
                  >
                    S Bailey
                  </p>
                </div>
                <div
                  class="MuiGrid-item-96 MuiGrid-grid-xs-6-129 MuiGrid-grid-md-4-155"
                >
                  <p
                    class="MuiTypography-root-29 MuiTypography-body2-37"
                  >
                    <span>
                      ct E Hallas b D Hunt
                    </span>
                  </p>
                </div>
                <div
                  class="MuiGrid-item-96 MuiGrid-grid-xs-2-125 MuiGrid-grid-md-1-152"
                >
                  <p
                    class="MuiTypography-root-29 MuiTypography-body1-38"
                    style="text-align: right; font-weight: bold;"
                  >
                    <span>
                      4
                    </span>
                  </p>
                </div>
                <div
                  class="MuiGrid-item-96 MuiGrid-grid-md-1-152"
                >
                  <p
                    class="MuiTypography-root-29 MuiTypography-body1-38"
                    style="text-align: right;"
                  >
                    <span>
                      10
                    </span>
                  </p>
                </div>
                <div
                  class="MuiGrid-item-96 MuiGrid-grid-md-1-152"
                >
                  <p
                    class="MuiTypography-root-29 MuiTypography-body1-38"
                    style="text-align: right;"
                  >
                    <span>
                      0
                    </span>
                  </p>
                </div>
                <div
                  class="MuiGrid-item-96 MuiGrid-grid-md-1-152"
                >
                  <p
                    class="MuiTypography-root-29 MuiTypography-body1-38"
                    style="text-align: right;"
                  >
                    <span>
                      0
                    </span>
                  </p>
                </div>
                <div
                  class="MuiGrid-item-96 MuiGrid-grid-md-1-152"
                >
                  <p
                    class="MuiTypography-root-29 MuiTypography-body1-38"
                    style="text-align: right;"
                  >
                    <span>
                      0
                    </span>
                  </p>
                </div>
              </div>
              <div
                class="MuiGrid-item-96 MuiGrid-grid-xs-12-135"
              >
                <hr
                  class="MuiDivider-root-64"
                />
              </div>
              <div
                class="MuiGrid-container-95"
              >
                <div
                  class="MuiGrid-item-96 MuiGrid-grid-xs-4-127 MuiGrid-grid-md-3-154"
                >
                  <p
                    class="MuiTypography-root-29 MuiTypography-body1-38"
                  >
                    Extras
                  </p>
                </div>
                <div
                  class="MuiGrid-item-96 MuiGrid-grid-xs-6-129 MuiGrid-grid-md-4-155"
                >
                  <p
                    class="MuiTypography-root-29 MuiTypography-body2-37"
                  >
                    <span>
                      1nb 9wd 3b 0lb
                    </span>
                  </p>
                </div>
                <div
                  class="MuiGrid-item-96 MuiGrid-grid-xs-2-125 MuiGrid-grid-md-1-152"
                >
                  <p
                    class="MuiTypography-root-29 MuiTypography-body1-38"
                    style="text-align: right; font-weight: bold;"
                  >
                    <span>
                      13
                    </span>
                  </p>
                </div>
              </div>
              <div
                class="MuiGrid-container-95 Batting-header-192"
              >
                <div
                  class="MuiGrid-item-96 MuiGrid-grid-xs-4-127 MuiGrid-grid-md-3-154"
                >
                  <h6
                    class="MuiTypography-root-29 MuiTypography-subtitle1-47 MuiTypography-colorInherit-58"
                  >
                    Total
                  </h6>
                </div>
                <div
                  class="MuiGrid-item-96 MuiGrid-grid-md-4-155"
                >
                  <h6
                    class="MuiTypography-root-29 MuiTypography-subtitle1-47 MuiTypography-colorInherit-58"
                  >
                    <span>
                      for 10 (34.2 overs)
                    </span>
                  </h6>
                </div>
                <div
                  class="MuiGrid-item-96 MuiGrid-grid-xs-2-125 MuiGrid-grid-md-1-152"
                >
                  <h6
                    class="MuiTypography-root-29 MuiTypography-subtitle1-47 MuiTypography-colorInherit-58"
                    style="text-align: right; font-weight: bold;"
                  >
                    <span>
                      122
                    </span>
                  </h6>
                </div>
              </div>
            </div>
            <div
              style="height: 8px;"
            >
               
            </div>
            <div
              class="MuiGrid-item-96 MuiGrid-grid-xs-12-135 MuiGrid-grid-lg-3-168"
            >
              <div
                class="MuiGrid-container-95 FallOfWickets-header-203"
              >
                <h6
                  class="MuiTypography-root-29 MuiTypography-subtitle1-47 MuiTypography-colorInherit-58"
                >
                  Fall of wickets
                </h6>
              </div>
              <div
                class="MuiGrid-container-95"
              >
                <div
                  class="MuiGrid-item-96 MuiGrid-grid-xs-1-124"
                >
                  <p
                    class="MuiTypography-root-29 MuiTypography-body1-38"
                  >
                    1
                  </p>
                </div>
                <div
                  class="MuiGrid-item-96 MuiGrid-grid-xs-6-129"
                >
                  <p
                    class="MuiTypography-root-29 MuiTypography-body1-38"
                  >
                    C Dobson
                  </p>
                </div>
                <div
                  class="MuiGrid-item-96 MuiGrid-grid-xs-2-125"
                >
                  <p
                    class="MuiTypography-root-29 MuiTypography-body1-38"
                    style="text-align: right;"
                  >
                    9
                  </p>
                </div>
                <div
                  class="MuiGrid-item-96 MuiGrid-grid-xs-2-125"
                >
                  <p
                    class="MuiTypography-root-29 MuiTypography-body1-38"
                    style="text-align: right;"
                  >
                    9
                  </p>
                </div>
              </div>
              <div
                class="MuiGrid-item-96 MuiGrid-grid-xs-12-135"
              >
                <hr
                  class="MuiDivider-root-64"
                />
              </div>
              <div
                class="MuiGrid-container-95"
              >
                <div
                  class="MuiGrid-item-96 MuiGrid-grid-xs-1-124"
                >
                  <p
                    class="MuiTypography-root-29 MuiTypography-body1-38"
                  >
                    2
                  </p>
                </div>
                <div
                  class="MuiGrid-item-96 MuiGrid-grid-xs-6-129"
                >
                  <p
                    class="MuiTypography-root-29 MuiTypography-body1-38"
                  >
                    E Lee
                  </p>
                </div>
                <div
                  class="MuiGrid-item-96 MuiGrid-grid-xs-2-125"
                >
                  <p
                    class="MuiTypography-root-29 MuiTypography-body1-38"
                    style="text-align: right;"
                  >
                    19
                  </p>
                </div>
                <div
                  class="MuiGrid-item-96 MuiGrid-grid-xs-2-125"
                >
                  <p
                    class="MuiTypography-root-29 MuiTypography-body1-38"
                    style="text-align: right;"
                  >
                    10
                  </p>
                </div>
              </div>
              <div
                class="MuiGrid-item-96 MuiGrid-grid-xs-12-135"
              >
                <hr
                  class="MuiDivider-root-64"
                />
              </div>
              <div
                class="MuiGrid-container-95"
              >
                <div
                  class="MuiGrid-item-96 MuiGrid-grid-xs-1-124"
                >
                  <p
                    class="MuiTypography-root-29 MuiTypography-body1-38"
                  >
                    3
                  </p>
                </div>
                <div
                  class="MuiGrid-item-96 MuiGrid-grid-xs-6-129"
                >
                  <p
                    class="MuiTypography-root-29 MuiTypography-body1-38"
                  >
                    S Rehman
                  </p>
                </div>
                <div
                  class="MuiGrid-item-96 MuiGrid-grid-xs-2-125"
                >
                  <p
                    class="MuiTypography-root-29 MuiTypography-body1-38"
                    style="text-align: right;"
                  >
                    20
                  </p>
                </div>
                <div
                  class="MuiGrid-item-96 MuiGrid-grid-xs-2-125"
                >
                  <p
                    class="MuiTypography-root-29 MuiTypography-body1-38"
                    style="text-align: right;"
                  >
                    1
                  </p>
                </div>
              </div>
              <div
                class="MuiGrid-item-96 MuiGrid-grid-xs-12-135"
              >
                <hr
                  class="MuiDivider-root-64"
                />
              </div>
              <div
                class="MuiGrid-container-95"
              >
                <div
                  class="MuiGrid-item-96 MuiGrid-grid-xs-1-124"
                >
                  <p
                    class="MuiTypography-root-29 MuiTypography-body1-38"
                  >
                    4
                  </p>
                </div>
                <div
                  class="MuiGrid-item-96 MuiGrid-grid-xs-6-129"
                >
                  <p
                    class="MuiTypography-root-29 MuiTypography-body1-38"
                  >
                    Z Shah
                  </p>
                </div>
                <div
                  class="MuiGrid-item-96 MuiGrid-grid-xs-2-125"
                >
                  <p
                    class="MuiTypography-root-29 MuiTypography-body1-38"
                    style="text-align: right;"
                  >
                    20
                  </p>
                </div>
                <div
                  class="MuiGrid-item-96 MuiGrid-grid-xs-2-125"
                >
                  <p
                    class="MuiTypography-root-29 MuiTypography-body1-38"
                    style="text-align: right;"
                  >
                    0
                  </p>
                </div>
              </div>
              <div
                class="MuiGrid-item-96 MuiGrid-grid-xs-12-135"
              >
                <hr
                  class="MuiDivider-root-64"
                />
              </div>
              <div
                class="MuiGrid-container-95"
              >
                <div
                  class="MuiGrid-item-96 MuiGrid-grid-xs-1-124"
                >
                  <p
                    class="MuiTypography-root-29 MuiTypography-body1-38"
                  >
                    5
                  </p>
                </div>
                <div
                  class="MuiGrid-item-96 MuiGrid-grid-xs-6-129"
                >
                  <p
                    class="MuiTypography-root-29 MuiTypography-body1-38"
                  >
                    R Noble
                  </p>
                </div>
                <div
                  class="MuiGrid-item-96 MuiGrid-grid-xs-2-125"
                >
                  <p
                    class="MuiTypography-root-29 MuiTypography-body1-38"
                    style="text-align: right;"
                  >
                    86
                  </p>
                </div>
                <div
                  class="MuiGrid-item-96 MuiGrid-grid-xs-2-125"
                >
                  <p
                    class="MuiTypography-root-29 MuiTypography-body1-38"
                    style="text-align: right;"
                  >
                    66
                  </p>
                </div>
              </div>
              <div
                class="MuiGrid-item-96 MuiGrid-grid-xs-12-135"
              >
                <hr
                  class="MuiDivider-root-64"
                />
              </div>
              <div
                class="MuiGrid-container-95"
              >
                <div
                  class="MuiGrid-item-96 MuiGrid-grid-xs-1-124"
                >
                  <p
                    class="MuiTypography-root-29 MuiTypography-body1-38"
                  >
                    6
                  </p>
                </div>
                <div
                  class="MuiGrid-item-96 MuiGrid-grid-xs-6-129"
                >
                  <p
                    class="MuiTypography-root-29 MuiTypography-body1-38"
                  >
                    E Hallas
                  </p>
                </div>
                <div
                  class="MuiGrid-item-96 MuiGrid-grid-xs-2-125"
                >
                  <p
                    class="MuiTypography-root-29 MuiTypography-body1-38"
                    style="text-align: right;"
                  >
                    89
                  </p>
                </div>
                <div
                  class="MuiGrid-item-96 MuiGrid-grid-xs-2-125"
                >
                  <p
                    class="MuiTypography-root-29 MuiTypography-body1-38"
                    style="text-align: right;"
                  >
                    3
                  </p>
                </div>
              </div>
              <div
                class="MuiGrid-item-96 MuiGrid-grid-xs-12-135"
              >
                <hr
                  class="MuiDivider-root-64"
                />
              </div>
              <div
                class="MuiGrid-container-95"
              >
                <div
                  class="MuiGrid-item-96 MuiGrid-grid-xs-1-124"
                >
                  <p
                    class="MuiTypography-root-29 MuiTypography-body1-38"
                  >
                    7
                  </p>
                </div>
                <div
                  class="MuiGrid-item-96 MuiGrid-grid-xs-6-129"
                >
                  <p
                    class="MuiTypography-root-29 MuiTypography-body1-38"
                  >
                    B Butt
                  </p>
                </div>
                <div
                  class="MuiGrid-item-96 MuiGrid-grid-xs-2-125"
                >
                  <p
                    class="MuiTypography-root-29 MuiTypography-body1-38"
                    style="text-align: right;"
                  >
                    113
                  </p>
                </div>
                <div
                  class="MuiGrid-item-96 MuiGrid-grid-xs-2-125"
                >
                  <p
                    class="MuiTypography-root-29 MuiTypography-body1-38"
                    style="text-align: right;"
                  >
                    24
                  </p>
                </div>
              </div>
              <div
                class="MuiGrid-item-96 MuiGrid-grid-xs-12-135"
              >
                <hr
                  class="MuiDivider-root-64"
                />
              </div>
              <div
                class="MuiGrid-container-95"
              >
                <div
                  class="MuiGrid-item-96 MuiGrid-grid-xs-1-124"
                >
                  <p
                    class="MuiTypography-root-29 MuiTypography-body1-38"
                  >
                    8
                  </p>
                </div>
                <div
                  class="MuiGrid-item-96 MuiGrid-grid-xs-6-129"
                >
                  <p
                    class="MuiTypography-root-29 MuiTypography-body1-38"
                  >
                    C Blackburn
                  </p>
                </div>
                <div
                  class="MuiGrid-item-96 MuiGrid-grid-xs-2-125"
                >
                  <p
                    class="MuiTypography-root-29 MuiTypography-body1-38"
                    style="text-align: right;"
                  >
                    114
                  </p>
                </div>
                <div
                  class="MuiGrid-item-96 MuiGrid-grid-xs-2-125"
                >
                  <p
                    class="MuiTypography-root-29 MuiTypography-body1-38"
                    style="text-align: right;"
                  >
                    1
                  </p>
                </div>
              </div>
              <div
                class="MuiGrid-item-96 MuiGrid-grid-xs-12-135"
              >
                <hr
                  class="MuiDivider-root-64"
                />
              </div>
              <div
                class="MuiGrid-container-95"
              >
                <div
                  class="MuiGrid-item-96 MuiGrid-grid-xs-1-124"
                >
                  <p
                    class="MuiTypography-root-29 MuiTypography-body1-38"
                  >
                    9
                  </p>
                </div>
                <div
                  class="MuiGrid-item-96 MuiGrid-grid-xs-6-129"
                >
                  <p
                    class="MuiTypography-root-29 MuiTypography-body1-38"
                  >
                    A Rehman
                  </p>
                </div>
                <div
                  class="MuiGrid-item-96 MuiGrid-grid-xs-2-125"
                >
                  <p
                    class="MuiTypography-root-29 MuiTypography-body1-38"
                    style="text-align: right;"
                  >
                    114
                  </p>
                </div>
                <div
                  class="MuiGrid-item-96 MuiGrid-grid-xs-2-125"
                >
                  <p
                    class="MuiTypography-root-29 MuiTypography-body1-38"
                    style="text-align: right;"
                  >
                    0
                  </p>
                </div>
              </div>
              <div
                class="MuiGrid-item-96 MuiGrid-grid-xs-12-135"
              >
                <hr
                  class="MuiDivider-root-64"
                />
              </div>
              <div
                class="MuiGrid-container-95"
              >
                <div
                  class="MuiGrid-item-96 MuiGrid-grid-xs-1-124"
                >
                  <p
                    class="MuiTypography-root-29 MuiTypography-body1-38"
                  >
                    10
                  </p>
                </div>
                <div
                  class="MuiGrid-item-96 MuiGrid-grid-xs-6-129"
                >
                  <p
                    class="MuiTypography-root-29 MuiTypography-body1-38"
                  >
                    S Bailey
                  </p>
                </div>
                <div
                  class="MuiGrid-item-96 MuiGrid-grid-xs-2-125"
                >
                  <p
                    class="MuiTypography-root-29 MuiTypography-body1-38"
                    style="text-align: right;"
                  >
                    122
                  </p>
                </div>
                <div
                  class="MuiGrid-item-96 MuiGrid-grid-xs-2-125"
                >
                  <p
                    class="MuiTypography-root-29 MuiTypography-body1-38"
                    style="text-align: right;"
                  >
                    8
                  </p>
                </div>
              </div>
              <div
                class="MuiGrid-item-96 MuiGrid-grid-xs-12-135"
              >
                <hr
                  class="MuiDivider-root-64"
                />
              </div>
            </div>
            <div
              class="MuiGrid-item-96 MuiGrid-grid-xs-12-135 MuiGrid-grid-sm-12-149 MuiGrid-grid-md-12-163 MuiGrid-grid-lg-8-173"
            >
              <h5
                class="MuiTypography-root-29 MuiTypography-h5-45"
              >
                Baildon
                 bowling
              </h5>
              <div
                class="MuiGrid-container-95 Bowling-header-194"
              >
                <div
                  class="MuiGrid-item-96 MuiGrid-grid-xs-6-129 MuiGrid-grid-md-5-156"
                />
                <div
                  class="MuiGrid-item-96 MuiGrid-grid-xs-2-125"
                >
                  <h6
                    class="MuiTypography-root-29 MuiTypography-subtitle1-47 MuiTypography-colorInherit-58"
                    style="text-align: center;"
                  >
                    Overs
                  </h6>
                </div>
                <div
                  class="MuiGrid-item-96 MuiGrid-grid-md-2-153"
                >
                  <h6
                    class="MuiTypography-root-29 MuiTypography-subtitle1-47 MuiTypography-colorInherit-58"
                    style="text-align: center;"
                  >
                    Maidens
                  </h6>
                </div>
                <div
                  class="MuiGrid-item-96 MuiGrid-grid-xs-2-125"
                >
                  <h6
                    class="MuiTypography-root-29 MuiTypography-subtitle1-47 MuiTypography-colorInherit-58"
                    style="text-align: center;"
                  >
                    Runs
                  </h6>
                </div>
                <div
                  class="MuiGrid-item-96 MuiGrid-grid-xs-2-125 MuiGrid-grid-md-1-152"
                >
                  <h6
                    class="MuiTypography-root-29 MuiTypography-subtitle1-47 MuiTypography-colorInherit-58"
                    style="text-align: center;"
                  >
                    Wkts
                  </h6>
                </div>
              </div>
              <div
                class="MuiGrid-container-95"
              >
                <div
                  class="MuiGrid-item-96 MuiGrid-grid-xs-6-129 MuiGrid-grid-md-5-156"
                >
                  <p
                    class="MuiTypography-root-29 MuiTypography-body2-37"
                  >
                    D Hunt
                  </p>
                </div>
                <div
                  class="MuiGrid-item-96 MuiGrid-grid-xs-2-125"
                  style="text-align: center;"
                >
                  <p
                    class="MuiTypography-root-29 MuiTypography-body2-37"
                  >
                    <span>
                      10.2
                    </span>
                  </p>
                </div>
                <div
                  class="MuiGrid-item-96 MuiGrid-grid-md-2-153"
                  style="text-align: center;"
                >
                  <p
                    class="MuiTypography-root-29 MuiTypography-body2-37"
                  >
                    <span>
                      1
                    </span>
                  </p>
                </div>
                <div
                  class="MuiGrid-item-96 MuiGrid-grid-xs-2-125"
                  style="text-align: center;"
                >
                  <p
                    class="MuiTypography-root-29 MuiTypography-body2-37"
                  >
                    <span>
                      46
                    </span>
                  </p>
                </div>
                <div
                  class="MuiGrid-item-96 MuiGrid-grid-xs-2-125 MuiGrid-grid-md-1-152"
                  style="text-align: center;"
                >
                  <p
                    class="MuiTypography-root-29 MuiTypography-body2-37"
                  >
                    <span>
                      3
                    </span>
                  </p>
                </div>
              </div>
              <div
                class="MuiGrid-item-96 MuiGrid-grid-xs-12-135"
              >
                <hr
                  class="MuiDivider-root-64"
                />
              </div>
              <div
                class="MuiGrid-container-95"
              >
                <div
                  class="MuiGrid-item-96 MuiGrid-grid-xs-6-129 MuiGrid-grid-md-5-156"
                >
                  <p
                    class="MuiTypography-root-29 MuiTypography-body2-37"
                  >
                    D Metcalfe
                  </p>
                </div>
                <div
                  class="MuiGrid-item-96 MuiGrid-grid-xs-2-125"
                  style="text-align: center;"
                >
                  <p
                    class="MuiTypography-root-29 MuiTypography-body2-37"
                  >
                    <span>
                      6
                    </span>
                  </p>
                </div>
                <div
                  class="MuiGrid-item-96 MuiGrid-grid-md-2-153"
                  style="text-align: center;"
                >
                  <p
                    class="MuiTypography-root-29 MuiTypography-body2-37"
                  >
                    <span>
                      3
                    </span>
                  </p>
                </div>
                <div
                  class="MuiGrid-item-96 MuiGrid-grid-xs-2-125"
                  style="text-align: center;"
                >
                  <p
                    class="MuiTypography-root-29 MuiTypography-body2-37"
                  >
                    <span>
                      17
                    </span>
                  </p>
                </div>
                <div
                  class="MuiGrid-item-96 MuiGrid-grid-xs-2-125 MuiGrid-grid-md-1-152"
                  style="text-align: center;"
                >
                  <p
                    class="MuiTypography-root-29 MuiTypography-body2-37"
                  >
                    <span>
                      1
                    </span>
                  </p>
                </div>
              </div>
              <div
                class="MuiGrid-item-96 MuiGrid-grid-xs-12-135"
              >
                <hr
                  class="MuiDivider-root-64"
                />
              </div>
              <div
                class="MuiGrid-container-95"
              >
                <div
                  class="MuiGrid-item-96 MuiGrid-grid-xs-6-129 MuiGrid-grid-md-5-156"
                >
                  <p
                    class="MuiTypography-root-29 MuiTypography-body2-37"
                  >
                    J Abbott
                  </p>
                </div>
                <div
                  class="MuiGrid-item-96 MuiGrid-grid-xs-2-125"
                  style="text-align: center;"
                >
                  <p
                    class="MuiTypography-root-29 MuiTypography-body2-37"
                  >
                    <span>
                      11
                    </span>
                  </p>
                </div>
                <div
                  class="MuiGrid-item-96 MuiGrid-grid-md-2-153"
                  style="text-align: center;"
                >
                  <p
                    class="MuiTypography-root-29 MuiTypography-body2-37"
                  >
                    <span>
                      3
                    </span>
                  </p>
                </div>
                <div
                  class="MuiGrid-item-96 MuiGrid-grid-xs-2-125"
                  style="text-align: center;"
                >
                  <p
                    class="MuiTypography-root-29 MuiTypography-body2-37"
                  >
                    <span>
                      16
                    </span>
                  </p>
                </div>
                <div
                  class="MuiGrid-item-96 MuiGrid-grid-xs-2-125 MuiGrid-grid-md-1-152"
                  style="text-align: center;"
                >
                  <p
                    class="MuiTypography-root-29 MuiTypography-body2-37"
                  >
                    <span>
                      2
                    </span>
                  </p>
                </div>
              </div>
              <div
                class="MuiGrid-item-96 MuiGrid-grid-xs-12-135"
              >
                <hr
                  class="MuiDivider-root-64"
                />
              </div>
              <div
                class="MuiGrid-container-95"
              >
                <div
                  class="MuiGrid-item-96 MuiGrid-grid-xs-6-129 MuiGrid-grid-md-5-156"
                >
                  <p
                    class="MuiTypography-root-29 MuiTypography-body2-37"
                  >
                    A Sayed
                  </p>
                </div>
                <div
                  class="MuiGrid-item-96 MuiGrid-grid-xs-2-125"
                  style="text-align: center;"
                >
                  <p
                    class="MuiTypography-root-29 MuiTypography-body2-37"
                  >
                    <span>
                      7
                    </span>
                  </p>
                </div>
                <div
                  class="MuiGrid-item-96 MuiGrid-grid-md-2-153"
                  style="text-align: center;"
                >
                  <p
                    class="MuiTypography-root-29 MuiTypography-body2-37"
                  >
                    <span>
                      0
                    </span>
                  </p>
                </div>
                <div
                  class="MuiGrid-item-96 MuiGrid-grid-xs-2-125"
                  style="text-align: center;"
                >
                  <p
                    class="MuiTypography-root-29 MuiTypography-body2-37"
                  >
                    <span>
                      38
                    </span>
                  </p>
                </div>
                <div
                  class="MuiGrid-item-96 MuiGrid-grid-xs-2-125 MuiGrid-grid-md-1-152"
                  style="text-align: center;"
                >
                  <p
                    class="MuiTypography-root-29 MuiTypography-body2-37"
                  >
                    <span>
                      2
                    </span>
                  </p>
                </div>
              </div>
              <div
                class="MuiGrid-item-96 MuiGrid-grid-xs-12-135"
              >
                <hr
                  class="MuiDivider-root-64"
                />
              </div>
            </div>
          </div>
        </div>
      </div>
    </div>
  </div>
</div>
`;

exports[`Scorecard should render correctly when match has four innings 1`] = `
<div>
  <div
    class="MuiPaper-root-206 MuiPaper-elevation1-209 MuiPaper-rounded-207 Component-root-205"
  >
    <div
      style="text-align: center;"
    >
      <h6
        class="MuiTypography-root-233 MuiTypography-h6-250"
      >
        28-Apr-2018
      </h6>
      <h5
        class="MuiTypography-root-233 MuiTypography-h5-249"
      >
        Cleckheaton v Baildon
      </h5>
      <h6
        class="MuiTypography-root-233 MuiTypography-h6-250"
      >
        <span>
          Baildon won by 8 runs
        </span>
      </h6>
      <p
        class="MuiTypography-root-233 MuiTypography-body1-242 MuiTypography-colorTextSecondary-266"
      >
        <span />
      </p>
    </div>
    <hr
      class="MuiDivider-root-268"
    />
    <div
      class="MuiTabs-root-272"
    >
      <div
        class="MuiTabs-flexContainer-273"
      >
        <div
          class="MuiTabs-scroller-275 MuiTabs-fixed-276"
          role="tablist"
          style="margin-bottom: 0px;"
        >
          <div
            class="MuiTabs-flexContainer-273 MuiTabs-centered-274"
          >
            <button
              aria-selected="false"
              class="MuiButtonBase-root-293 MuiTab-root-281 MuiTab-textColorPrimary-284"
              role="tab"
              tabindex="0"
              type="button"
            >
              <span
                class="MuiTab-wrapper-289"
              >
                <span
                  class="MuiTab-labelContainer-290"
                >
                  <span
                    class="MuiTab-label-291"
                  >
                    1st innings
                  </span>
                </span>
              </span>
              <span
                class="MuiTouchRipple-root-400"
              />
            </button>
            <button
              aria-selected="false"
              class="MuiButtonBase-root-293 MuiTab-root-281 MuiTab-textColorPrimary-284"
              role="tab"
              tabindex="0"
              type="button"
            >
              <span
                class="MuiTab-wrapper-289"
              >
                <span
                  class="MuiTab-labelContainer-290"
                >
                  <span
                    class="MuiTab-label-291"
                  >
                    2nd innings
                  </span>
                </span>
              </span>
              <span
                class="MuiTouchRipple-root-400"
              />
            </button>
            <button
              aria-selected="false"
              class="MuiButtonBase-root-293 MuiTab-root-281 MuiTab-textColorPrimary-284"
              role="tab"
              tabindex="0"
              type="button"
            >
              <span
                class="MuiTab-wrapper-289"
              >
                <span
                  class="MuiTab-labelContainer-290"
                >
                  <span
                    class="MuiTab-label-291"
                  >
                    3rd innings
                  </span>
                </span>
              </span>
              <span
                class="MuiTouchRipple-root-400"
              />
            </button>
            <button
              aria-selected="true"
              class="MuiButtonBase-root-293 MuiTab-root-281 MuiTab-textColorPrimary-284 MuiTab-selected-286"
              role="tab"
              tabindex="0"
              type="button"
            >
              <span
                class="MuiTab-wrapper-289"
              >
                <span
                  class="MuiTab-labelContainer-290"
                >
                  <span
                    class="MuiTab-label-291"
                  >
                    4th innings
                  </span>
                </span>
              </span>
              <span
                class="MuiTouchRipple-root-400"
              />
            </button>
          </div>
          <span
            class="MuiPrivateTabIndicator-root-296 MuiPrivateTabIndicator-colorPrimary-297 MuiTabs-indicator-280"
            style="left: 0px; width: 0px;"
          />
        </div>
      </div>
    </div>
    <div
      style="overflow-x: hidden;"
    >
      <div
        class="react-swipeable-view-container"
        style="direction: ltr; display: flex;"
      >
        <div
          aria-hidden="false"
          data-swipeable="true"
          style="width: 100%; overflow: auto;"
        >
          <h5
            class="MuiTypography-root-233 MuiTypography-h5-249"
          >
            <span>
              Baildon 0-0
            </span>
          </h5>
          <div
            class="MuiGrid-container-299"
          >
            <div
              class="MuiGrid-item-300 MuiGrid-grid-xs-12-339 MuiGrid-grid-sm-12-353 MuiGrid-grid-md-12-367 MuiGrid-grid-lg-8-377"
            >
              <div
                class="MuiGrid-container-299 Batting-header-396"
              >
                <div
                  class="MuiGrid-item-300 MuiGrid-grid-xs-10-337 MuiGrid-grid-md-7-362"
                >
                  <h6
                    class="MuiTypography-root-233 MuiTypography-subtitle1-251 MuiTypography-colorInherit-262"
                  >
                    Batsman
                  </h6>
                </div>
                <div
                  class="MuiGrid-item-300 MuiGrid-grid-xs-2-329 MuiGrid-grid-md-1-356"
                >
                  <h6
                    class="MuiTypography-root-233 MuiTypography-subtitle1-251 MuiTypography-colorInherit-262"
                    style="text-align: right;"
                  >
                    Runs
                  </h6>
                </div>
                <div
                  class="MuiGrid-item-300 MuiGrid-grid-md-1-356"
                >
                  <h6
                    class="MuiTypography-root-233 MuiTypography-subtitle1-251 MuiTypography-colorInherit-262"
                    style="text-align: right;"
                  >
                    Balls
                  </h6>
                </div>
                <div
                  class="MuiGrid-item-300 MuiGrid-grid-md-1-356"
                >
                  <h6
                    class="MuiTypography-root-233 MuiTypography-subtitle1-251 MuiTypography-colorInherit-262"
                    style="text-align: right;"
                  >
                    Mins
                  </h6>
                </div>
                <div
                  class="MuiGrid-item-300 MuiGrid-grid-md-1-356"
                >
                  <h6
                    class="MuiTypography-root-233 MuiTypography-subtitle1-251 MuiTypography-colorInherit-262"
                    style="text-align: right;"
                  >
                    4s
                  </h6>
                </div>
                <div
                  class="MuiGrid-item-300 MuiGrid-grid-md-1-356"
                >
                  <h6
                    class="MuiTypography-root-233 MuiTypography-subtitle1-251 MuiTypography-colorInherit-262"
                    style="text-align: right;"
                  >
                    6s
                  </h6>
                </div>
              </div>
              <div
                class="MuiGrid-container-299"
              >
                <div
                  class="MuiGrid-item-300 MuiGrid-grid-xs-4-331 MuiGrid-grid-md-3-358"
                >
                  <p
                    class="MuiTypography-root-233 MuiTypography-body1-242"
                  >
                    Extras
                  </p>
                </div>
                <div
                  class="MuiGrid-item-300 MuiGrid-grid-xs-6-333 MuiGrid-grid-md-4-359"
                >
                  <p
                    class="MuiTypography-root-233 MuiTypography-body2-241"
                  >
                    <span>
                      0nb 0wd 0b 0lb
                    </span>
                  </p>
                </div>
                <div
                  class="MuiGrid-item-300 MuiGrid-grid-xs-2-329 MuiGrid-grid-md-1-356"
                >
                  <p
                    class="MuiTypography-root-233 MuiTypography-body1-242"
                    style="text-align: right; font-weight: bold;"
                  >
                    <span>
                      0
                    </span>
                  </p>
                </div>
              </div>
              <div
                class="MuiGrid-container-299 Batting-header-396"
              >
                <div
                  class="MuiGrid-item-300 MuiGrid-grid-xs-4-331 MuiGrid-grid-md-3-358"
                >
                  <h6
                    class="MuiTypography-root-233 MuiTypography-subtitle1-251 MuiTypography-colorInherit-262"
                  >
                    Total
                  </h6>
                </div>
                <div
                  class="MuiGrid-item-300 MuiGrid-grid-md-4-359"
                >
                  <h6
                    class="MuiTypography-root-233 MuiTypography-subtitle1-251 MuiTypography-colorInherit-262"
                  >
                    <span>
                      for 0 (0 overs)
                    </span>
                  </h6>
                </div>
                <div
                  class="MuiGrid-item-300 MuiGrid-grid-xs-2-329 MuiGrid-grid-md-1-356"
                >
                  <h6
                    class="MuiTypography-root-233 MuiTypography-subtitle1-251 MuiTypography-colorInherit-262"
                    style="text-align: right; font-weight: bold;"
                  >
                    <span>
                      0
                    </span>
                  </h6>
                </div>
              </div>
            </div>
            <div
              class="MuiGrid-item-300 MuiGrid-grid-xs-12-339 MuiGrid-grid-sm-12-353 MuiGrid-grid-md-12-367 MuiGrid-grid-lg-8-377"
            >
              <h5
                class="MuiTypography-root-233 MuiTypography-h5-249"
              >
                Cleckheaton
                 bowling
              </h5>
              <div
                class="MuiGrid-container-299 Bowling-header-398"
              >
                <div
                  class="MuiGrid-item-300 MuiGrid-grid-xs-6-333 MuiGrid-grid-md-5-360"
                />
                <div
                  class="MuiGrid-item-300 MuiGrid-grid-xs-2-329"
                >
                  <h6
                    class="MuiTypography-root-233 MuiTypography-subtitle1-251 MuiTypography-colorInherit-262"
                    style="text-align: center;"
                  >
                    Overs
                  </h6>
                </div>
                <div
                  class="MuiGrid-item-300 MuiGrid-grid-md-2-357"
                >
                  <h6
                    class="MuiTypography-root-233 MuiTypography-subtitle1-251 MuiTypography-colorInherit-262"
                    style="text-align: center;"
                  >
                    Maidens
                  </h6>
                </div>
                <div
                  class="MuiGrid-item-300 MuiGrid-grid-xs-2-329"
                >
                  <h6
                    class="MuiTypography-root-233 MuiTypography-subtitle1-251 MuiTypography-colorInherit-262"
                    style="text-align: center;"
                  >
                    Runs
                  </h6>
                </div>
                <div
                  class="MuiGrid-item-300 MuiGrid-grid-xs-2-329 MuiGrid-grid-md-1-356"
                >
                  <h6
                    class="MuiTypography-root-233 MuiTypography-subtitle1-251 MuiTypography-colorInherit-262"
                    style="text-align: center;"
                  >
                    Wkts
                  </h6>
                </div>
              </div>
            </div>
          </div>
        </div>
      </div>
    </div>
  </div>
</div>
`;
