// Jest Snapshot v1, https://goo.gl/fbAQLP

exports[`CompleteInnings should render correctly 1`] = `
<div
  className="alert alert-dark"
  style={
    Object {
      "width": "100%",
    }
  }
>
  <h4
    className="alert-heading"
  >
    Complete innings
  </h4>
  <p>
    Select the reason for completing the innings followed by OK or Cancel to not complete the innings
  </p>
  <div
    className="row"
  >
    <div
      className="d-none d-md-block col-3"
    />
    <div
      className="col-12 col-md-6"
    >
      <select
        className="custom-select"
        onChange={[Function]}
        value={3}
      >
        <option
          value={3}
        >
          Declared
        </option>
        <option
          value={1}
        >
          All out
        </option>
        <option
          value={2}
        >
          Overs complete
        </option>
      </select>
    </div>
  </div>
  <hr />
  <button
    className="btn btn-dark"
    onClick={[Function]}
    style={
      Object {
        "marginLeft": "10px",
        "marginRight": "10px",
      }
    }
  >
    OK
  </button>
  <button
    className="btn btn-dark"
    onClick={[MockFunction]}
    style={
      Object {
        "marginLeft": "10px",
        "marginRight": "10px",
      }
    }
  >
    Cancel
  </button>
</div>
`;
