// Jest Snapshot v1, https://goo.gl/fbAQLP

exports[`WithNavBar should render correctly 1`] = `
<div>
  <header
    class="MuiPaper-root-10 MuiPaper-elevation4-16 MuiAppBar-root-1 MuiAppBar-positionSticky-4 MuiAppBar-colorPrimary-8"
  >
    <div
      class="MuiToolbar-root-37 MuiToolbar-regular-39 MuiToolbar-gutters-38"
    >
      <h2
        class="MuiTypography-root-41 MuiTypography-title-47 MuiTypography-colorInherit-70"
      >
        Cricket scores live
      </h2>
      <div
        class="MuiAvatar-root-76"
      />
      <p
        class="MuiTypography-root-41 MuiTypography-body1-50 MuiTypography-colorInherit-70"
      >
        test
      </p>
      <button
        class="MuiButtonBase-root-105 MuiButton-root-79 MuiButton-text-81 MuiButton-flat-84 MuiButton-colorInherit-100"
        tabindex="0"
        type="button"
      >
        <span
          class="MuiButton-label-80"
        >
          Logout
        </span>
        <span
          class="MuiTouchRipple-root-108"
        />
      </button>
    </div>
  </header>
  <div />
</div>
`;
