// Jest Snapshot v1, https://goo.gl/fbAQLP

exports[`CurrentOver should render correctly 1`] = `
<div
  style={
    Object {
      "minHeight": "100px",
      "paddingBottom": "10px",
      "paddingTop": "10px",
    }
  }
>
  <div
    className="MuiGrid-container-1"
  >
    <h6
      className="MuiTypography-root-98 MuiTypography-h6-115"
    >
      This over 0 - 3
    </h6>
  </div>
  <div
    className="MuiGrid-container-1"
  >
    <div
      style={
        Object {
          "backgroundColor": "#28a745",
          "borderRadius": "4px",
          "color": "#ffffff",
          "display": "inline-block",
          "fontSize": "14px",
          "height": "30px",
          "marginRight": "4px",
          "width": "30px",
        }
      }
    >
      <canvas
        height={30}
        width={30}
      />
    </div>
  </div>
</div>
`;
