// Jest Snapshot v1, https://goo.gl/fbAQLP

exports[`InProgress should render correctly for match during an over 1`] = `
<div
  className="MuiPaper-root-2 MuiPaper-elevation2-6 MuiPaper-rounded-3 withRouter-InProgress--root-1"
>
  <div
    className="MuiGrid-container-29"
  >
    <div
      className="MuiGrid-container-29 DeliveryHeader-header-242"
    >
      <h5
        className="MuiTypography-root-130 MuiTypography-h5-146 MuiTypography-colorInherit-159"
        style={
          Object {
            "marginLeft": "20px",
          }
        }
      >
        Player 22 to Player 1
      </h5>
    </div>
    <div
      className="MuiGrid-container-29"
    >
      <div
        className="MuiGrid-item-30 MuiGrid-grid-xs-12-69 MuiGrid-grid-lg-6-105"
        style={
          Object {
            "marginBottom": "10px",
            "marginTop": "10px",
            "padding": "5px",
          }
        }
      >
        <div
          className="MuiPaper-root-2 MuiPaper-elevation1-5 MuiPaper-rounded-3"
          style={
            Object {
              "height": "100%",
              "padding": "10px",
            }
          }
        >
          <div
            className="MuiGrid-container-29"
          >
            <div
              className="MuiGrid-item-30 MuiGrid-grid-xs-6-63"
            >
              <h5
                className="MuiTypography-root-130 MuiTypography-h5-146"
              >
                Team 1
              </h5>
            </div>
            <div
              className="MuiGrid-item-30 MuiGrid-grid-xs-6-63"
            >
              <h5
                className="MuiTypography-root-130 MuiTypography-h5-146"
              >
                0-0
              </h5>
            </div>
            <div
              className="MuiGrid-item-30 MuiGrid-grid-xs-6-63"
            >
              <h5
                className="MuiTypography-root-130 MuiTypography-h5-146"
              >
                Overs
              </h5>
            </div>
            <div
              className="MuiGrid-item-30 MuiGrid-grid-xs-6-63"
            >
              <h5
                className="MuiTypography-root-130 MuiTypography-h5-146"
              >
                0
              </h5>
            </div>
            <div
              className="MuiGrid-item-30 MuiGrid-grid-xs-6-63"
            >
              <h5
                className="MuiTypography-root-130 MuiTypography-h5-146"
              >
                Player 1
              </h5>
            </div>
            <div
              className="MuiGrid-item-30 MuiGrid-grid-xs-6-63"
            >
              <h5
                className="MuiTypography-root-130 MuiTypography-h5-146"
              >
                0(0)
                <svg
                  aria-hidden="true"
                  className="MuiSvgIcon-root-223 MuiSvgIcon-colorPrimary-224"
                  color={undefined}
                  focusable="false"
                  role="presentation"
                  viewBox="0 0 24 24"
                >
                  <path
                    d="M0 0h24v24H0z"
                    fill="none"
                  />
                  <path
                    d="M12 17.27L18.18 21l-1.64-7.03L22 9.24l-7.19-.61L12 2 9.19 8.63 2 9.24l5.46 4.73L5.82 21z"
                  />
                  <path
                    d="M0 0h24v24H0z"
                    fill="none"
                  />
                </svg>
              </h5>
            </div>
            <div
              className="MuiGrid-item-30 MuiGrid-grid-xs-6-63"
            >
              <h5
                className="MuiTypography-root-130 MuiTypography-h5-146"
              >
                Player 2
              </h5>
            </div>
            <div
              className="MuiGrid-item-30 MuiGrid-grid-xs-6-63"
            >
              <h5
                className="MuiTypography-root-130 MuiTypography-h5-146"
              >
                0(0)
              </h5>
            </div>
            <div
              className="MuiGrid-item-30 MuiGrid-grid-xs-6-63"
            >
              <h5
                className="MuiTypography-root-130 MuiTypography-h5-146"
              >
                Player 22
              </h5>
            </div>
            <div
              className="MuiGrid-item-30 MuiGrid-grid-xs-6-63"
            >
              <h5
                className="MuiTypography-root-130 MuiTypography-h5-146"
              >
                0-0-0-0
              </h5>
            </div>
            <div
              className="MuiGrid-item-30 MuiGrid-grid-xs-6-63"
            >
              <h5
                className="MuiTypography-root-130 MuiTypography-h5-146"
              >
                Extras
              </h5>
            </div>
            <div
              className="MuiGrid-item-30 MuiGrid-grid-xs-6-63"
            >
              <h5
                className="MuiTypography-root-130 MuiTypography-h5-146"
              >
                0
              </h5>
            </div>
            <div
              style={
                Object {
                  "minHeight": "100px",
                  "paddingBottom": "10px",
                  "paddingTop": "10px",
                }
              }
            >
              <div
                className="MuiGrid-container-29"
              >
                <h6
                  className="MuiTypography-root-130 MuiTypography-h6-147"
                >
                  This over 0 - 0
                </h6>
              </div>
              <div
                className="MuiGrid-container-29"
              />
            </div>
          </div>
        </div>
      </div>
      <div
        className="MuiGrid-item-30 MuiGrid-grid-xs-12-69 MuiGrid-grid-lg-6-105"
        style={
          Object {
            "marginBottom": "10px",
            "marginTop": "10px",
            "padding": "5px",
          }
        }
      >
        <div
          className="MuiPaper-root-2 MuiPaper-elevation1-5 MuiPaper-rounded-3"
          style={
            Object {
              "height": "100%",
              "padding": "10px",
            }
          }
        >
          <div
            className="MuiGrid-container-29"
          >
            <div>
              <div
                className="MuiGrid-container-29"
              >
                <button
                  aria-label="Wicket"
                  className="MuiButtonBase-root-195 MuiButton-root-169 MuiButton-fab-186 MuiButton-contained-180 MuiButton-containedPrimary-181 MuiButton-raised-183 MuiButton-raisedPrimary-184"
                  disabled={false}
                  onBlur={[Function]}
                  onClick={[Function]}
                  onFocus={[Function]}
                  onKeyDown={[Function]}
                  onKeyUp={[Function]}
                  onMouseDown={[Function]}
                  onMouseLeave={[Function]}
                  onMouseUp={[Function]}
                  onTouchEnd={[Function]}
                  onTouchMove={[Function]}
                  onTouchStart={[Function]}
                  style={
                    Object {
                      "marginRight": "10px",
                    }
                  }
                  tabIndex="0"
                  type="button"
                >
                  <span
                    className="MuiButton-label-170"
                  >
                    W
                  </span>
                  <span
                    className="MuiTouchRipple-root-320"
                  />
                </button>
                <label
                  className="MuiFormControlLabel-root-244"
                  style={
                    Object {
                      "float": "right",
                    }
                  }
                >
                  <span
                    className="MuiSwitch-root-250"
                  >
                    <span
                      className="MuiButtonBase-root-195 MuiIconButton-root-263 MuiPrivateSwitchBase-root-259 MuiSwitch-switchBase-253 MuiSwitch-colorSecondary-256"
                      onBlur={[Function]}
                      onFocus={[Function]}
                      onKeyDown={[Function]}
                      onKeyUp={[Function]}
                      onMouseDown={[Function]}
                      onMouseLeave={[Function]}
                      onMouseUp={[Function]}
                      onTouchEnd={[Function]}
                      onTouchMove={[Function]}
                      onTouchStart={[Function]}
                      role={undefined}
                      tabIndex={null}
                    >
                      <span
                        className="MuiIconButton-label-268"
                      >
                        <span
                          className="MuiSwitch-icon-251"
                        />
                        <input
                          autoFocus={undefined}
                          checked={false}
                          className="MuiPrivateSwitchBase-input-262"
                          disabled={undefined}
                          id={undefined}
                          name={undefined}
                          onChange={[Function]}
                          readOnly={undefined}
                          required={undefined}
                          tabIndex={undefined}
                          type="checkbox"
                          value={undefined}
                        />
                      </span>
                      <span
                        className="MuiTouchRipple-root-320"
                      />
                    </span>
                    <span
                      className="MuiSwitch-bar-258"
                    />
                  </span>
                  <span
                    className="MuiTypography-root-130 MuiTypography-body1-139 MuiFormControlLabel-label-249"
                  >
                    No ball
                  </span>
                </label>
              </div>
              <div
                className="MuiGrid-container-29"
              >
                <div
                  className="MuiGrid-item-30 MuiGrid-grid-xs-12-69"
                >
                  <hr
                    className="MuiDivider-root-269"
                    style={
                      Object {
                        "marginBottom": "10px",
                        "marginTop": "10px",
                      }
                    }
                  />
                </div>
              </div>
              <div
                className="MuiGrid-container-29"
              >
                <label
                  className="MuiFormControlLabel-root-244"
                  style={
                    Object {
                      "marginRight": "22px",
                    }
                  }
                >
                  <span
                    className="MuiButtonBase-root-195 MuiIconButton-root-263 MuiPrivateSwitchBase-root-259 MuiRadio-root-327 MuiRadio-colorSecondary-331 MuiPrivateSwitchBase-checked-260 MuiRadio-checked-328"
                    onBlur={[Function]}
                    onFocus={[Function]}
                    onKeyDown={[Function]}
                    onKeyUp={[Function]}
                    onMouseDown={[Function]}
                    onMouseLeave={[Function]}
                    onMouseUp={[Function]}
                    onTouchEnd={[Function]}
                    onTouchMove={[Function]}
                    onTouchStart={[Function]}
                    role={undefined}
                    tabIndex={null}
                  >
                    <span
                      className="MuiIconButton-label-268"
                    >
                      <svg
                        aria-hidden="true"
                        className="MuiSvgIcon-root-223"
                        color={undefined}
                        focusable="false"
                        role="presentation"
                        viewBox="0 0 24 24"
                      >
                        <path
                          d="M12 7c-2.76 0-5 2.24-5 5s2.24 5 5 5 5-2.24 5-5-2.24-5-5-5zm0-5C6.48 2 2 6.48 2 12s4.48 10 10 10 10-4.48 10-10S17.52 2 12 2zm0 18c-4.42 0-8-3.58-8-8s3.58-8 8-8 8 3.58 8 8-3.58 8-8 8z"
                        />
                      </svg>
                      <input
                        autoFocus={undefined}
                        checked={true}
                        className="MuiPrivateSwitchBase-input-262"
                        disabled={undefined}
                        id={undefined}
                        name={undefined}
                        onChange={[Function]}
                        readOnly={undefined}
                        required={undefined}
                        tabIndex={undefined}
                        type="radio"
                        value={undefined}
                      />
                    </span>
                    <span
                      className="MuiTouchRipple-root-320"
                    />
                  </span>
                  <span
                    className="MuiTypography-root-130 MuiTypography-body1-139 MuiFormControlLabel-label-249"
                  >
                    runs
                  </span>
                </label>
                <label
                  className="MuiFormControlLabel-root-244"
                  style={
                    Object {
                      "marginRight": "22px",
                    }
                  }
                >
                  <span
                    className="MuiButtonBase-root-195 MuiIconButton-root-263 MuiPrivateSwitchBase-root-259 MuiRadio-root-327 MuiRadio-colorSecondary-331"
                    onBlur={[Function]}
                    onFocus={[Function]}
                    onKeyDown={[Function]}
                    onKeyUp={[Function]}
                    onMouseDown={[Function]}
                    onMouseLeave={[Function]}
                    onMouseUp={[Function]}
                    onTouchEnd={[Function]}
                    onTouchMove={[Function]}
                    onTouchStart={[Function]}
                    role={undefined}
                    tabIndex={null}
                  >
                    <span
                      className="MuiIconButton-label-268"
                    >
                      <svg
                        aria-hidden="true"
                        className="MuiSvgIcon-root-223"
                        color={undefined}
                        focusable="false"
                        role="presentation"
                        viewBox="0 0 24 24"
                      >
                        <path
                          d="M12 2C6.48 2 2 6.48 2 12s4.48 10 10 10 10-4.48 10-10S17.52 2 12 2zm0 18c-4.42 0-8-3.58-8-8s3.58-8 8-8 8 3.58 8 8-3.58 8-8 8z"
                        />
                      </svg>
                      <input
                        autoFocus={undefined}
                        checked={false}
                        className="MuiPrivateSwitchBase-input-262"
                        disabled={undefined}
                        id={undefined}
                        name={undefined}
                        onChange={[Function]}
                        readOnly={undefined}
                        required={undefined}
                        tabIndex={undefined}
                        type="radio"
                        value={undefined}
                      />
                    </span>
                    <span
                      className="MuiTouchRipple-root-320"
                    />
                  </span>
                  <span
                    className="MuiTypography-root-130 MuiTypography-body1-139 MuiFormControlLabel-label-249"
                  >
                    byes
                  </span>
                </label>
                <label
                  className="MuiFormControlLabel-root-244"
                  style={
                    Object {
                      "marginRight": "22px",
                    }
                  }
                >
                  <span
                    className="MuiButtonBase-root-195 MuiIconButton-root-263 MuiPrivateSwitchBase-root-259 MuiRadio-root-327 MuiRadio-colorSecondary-331"
                    onBlur={[Function]}
                    onFocus={[Function]}
                    onKeyDown={[Function]}
                    onKeyUp={[Function]}
                    onMouseDown={[Function]}
                    onMouseLeave={[Function]}
                    onMouseUp={[Function]}
                    onTouchEnd={[Function]}
                    onTouchMove={[Function]}
                    onTouchStart={[Function]}
                    role={undefined}
                    tabIndex={null}
                  >
                    <span
                      className="MuiIconButton-label-268"
                    >
                      <svg
                        aria-hidden="true"
                        className="MuiSvgIcon-root-223"
                        color={undefined}
                        focusable="false"
                        role="presentation"
                        viewBox="0 0 24 24"
                      >
                        <path
                          d="M12 2C6.48 2 2 6.48 2 12s4.48 10 10 10 10-4.48 10-10S17.52 2 12 2zm0 18c-4.42 0-8-3.58-8-8s3.58-8 8-8 8 3.58 8 8-3.58 8-8 8z"
                        />
                      </svg>
                      <input
                        autoFocus={undefined}
                        checked={false}
                        className="MuiPrivateSwitchBase-input-262"
                        disabled={undefined}
                        id={undefined}
                        name={undefined}
                        onChange={[Function]}
                        readOnly={undefined}
                        required={undefined}
                        tabIndex={undefined}
                        type="radio"
                        value={undefined}
                      />
                    </span>
                    <span
                      className="MuiTouchRipple-root-320"
                    />
                  </span>
                  <span
                    className="MuiTypography-root-130 MuiTypography-body1-139 MuiFormControlLabel-label-249"
                  >
                    leg byes
                  </span>
                </label>
                <label
                  className="MuiFormControlLabel-root-244"
                  style={
                    Object {
                      "marginRight": "22px",
                    }
                  }
                >
                  <span
                    className="MuiButtonBase-root-195 MuiIconButton-root-263 MuiPrivateSwitchBase-root-259 MuiRadio-root-327 MuiRadio-colorSecondary-331"
                    onBlur={[Function]}
                    onFocus={[Function]}
                    onKeyDown={[Function]}
                    onKeyUp={[Function]}
                    onMouseDown={[Function]}
                    onMouseLeave={[Function]}
                    onMouseUp={[Function]}
                    onTouchEnd={[Function]}
                    onTouchMove={[Function]}
                    onTouchStart={[Function]}
                    role={undefined}
                    tabIndex={null}
                  >
                    <span
                      className="MuiIconButton-label-268"
                    >
                      <svg
                        aria-hidden="true"
                        className="MuiSvgIcon-root-223"
                        color={undefined}
                        focusable="false"
                        role="presentation"
                        viewBox="0 0 24 24"
                      >
                        <path
                          d="M12 2C6.48 2 2 6.48 2 12s4.48 10 10 10 10-4.48 10-10S17.52 2 12 2zm0 18c-4.42 0-8-3.58-8-8s3.58-8 8-8 8 3.58 8 8-3.58 8-8 8z"
                        />
                      </svg>
                      <input
                        autoFocus={undefined}
                        checked={false}
                        className="MuiPrivateSwitchBase-input-262"
                        disabled={undefined}
                        id={undefined}
                        name={undefined}
                        onChange={[Function]}
                        readOnly={undefined}
                        required={undefined}
                        tabIndex={undefined}
                        type="radio"
                        value={undefined}
                      />
                    </span>
                    <span
                      className="MuiTouchRipple-root-320"
                    />
                  </span>
                  <span
                    className="MuiTypography-root-130 MuiTypography-body1-139 MuiFormControlLabel-label-249"
                  >
                    wide
                  </span>
                </label>
              </div>
              <div
                className="MuiGrid-container-29"
              >
                <div
                  className="MuiGrid-container-29"
                >
                  <div
                    className="MuiGrid-container-29"
                  >
                    <button
                      aria-label="Dot ball"
                      className="MuiButtonBase-root-195 MuiButton-root-169 MuiButton-fab-186 MuiButton-contained-180 MuiButton-raised-183"
                      disabled={false}
                      onBlur={[Function]}
                      onClick={[Function]}
                      onFocus={[Function]}
                      onKeyDown={[Function]}
                      onKeyUp={[Function]}
                      onMouseDown={[Function]}
                      onMouseLeave={[Function]}
                      onMouseUp={[Function]}
                      onTouchEnd={[Function]}
                      onTouchMove={[Function]}
                      onTouchStart={[Function]}
                      style={
                        Object {
                          "backgroundColor": "#43a047",
                          "color": "#ffffff",
                          "marginBottom": "8px",
                          "marginRight": "8px",
                        }
                      }
                      tabIndex="0"
                      type="button"
                    >
                      <span
                        className="MuiButton-label-170"
                      >
                        .
                      </span>
                      <span
                        className="MuiTouchRipple-root-320"
                      />
                    </button>
                    <button
                      aria-label="Single"
                      className="MuiButtonBase-root-195 MuiButton-root-169 MuiButton-fab-186 MuiButton-contained-180 MuiButton-raised-183"
                      disabled={false}
                      onBlur={[Function]}
                      onClick={[Function]}
                      onFocus={[Function]}
                      onKeyDown={[Function]}
                      onKeyUp={[Function]}
                      onMouseDown={[Function]}
                      onMouseLeave={[Function]}
                      onMouseUp={[Function]}
                      onTouchEnd={[Function]}
                      onTouchMove={[Function]}
                      onTouchStart={[Function]}
                      style={
                        Object {
                          "backgroundColor": "#43a047",
                          "color": "#ffffff",
                          "marginBottom": "8px",
                          "marginRight": "8px",
                        }
                      }
                      tabIndex="0"
                      type="button"
                    >
                      <span
                        className="MuiButton-label-170"
                      >
                        1
                      </span>
                      <span
                        className="MuiTouchRipple-root-320"
                      />
                    </button>
                    <button
                      aria-label="Two"
                      className="MuiButtonBase-root-195 MuiButton-root-169 MuiButton-fab-186 MuiButton-contained-180 MuiButton-raised-183"
                      disabled={false}
                      onBlur={[Function]}
                      onClick={[Function]}
                      onFocus={[Function]}
                      onKeyDown={[Function]}
                      onKeyUp={[Function]}
                      onMouseDown={[Function]}
                      onMouseLeave={[Function]}
                      onMouseUp={[Function]}
                      onTouchEnd={[Function]}
                      onTouchMove={[Function]}
                      onTouchStart={[Function]}
                      style={
                        Object {
                          "backgroundColor": "#43a047",
                          "color": "#ffffff",
                          "marginBottom": "8px",
                          "marginRight": "8px",
                        }
                      }
                      tabIndex="0"
                      type="button"
                    >
                      <span
                        className="MuiButton-label-170"
                      >
                        2
                      </span>
                      <span
                        className="MuiTouchRipple-root-320"
                      />
                    </button>
                    <button
                      aria-label="Three"
                      className="MuiButtonBase-root-195 MuiButton-root-169 MuiButton-fab-186 MuiButton-contained-180 MuiButton-raised-183"
                      disabled={false}
                      onBlur={[Function]}
                      onClick={[Function]}
                      onFocus={[Function]}
                      onKeyDown={[Function]}
                      onKeyUp={[Function]}
                      onMouseDown={[Function]}
                      onMouseLeave={[Function]}
                      onMouseUp={[Function]}
                      onTouchEnd={[Function]}
                      onTouchMove={[Function]}
                      onTouchStart={[Function]}
                      style={
                        Object {
                          "backgroundColor": "#43a047",
                          "color": "#ffffff",
                          "marginBottom": "8px",
                          "marginRight": "8px",
                        }
                      }
                      tabIndex="0"
                      type="button"
                    >
                      <span
                        className="MuiButton-label-170"
                      >
                        3
                      </span>
                      <span
                        className="MuiTouchRipple-root-320"
                      />
                    </button>
                    <button
                      aria-label="Boundary Four"
                      className="MuiButtonBase-root-195 MuiButton-root-169 MuiButton-fab-186 MuiButton-extendedFab-187 MuiButton-contained-180 MuiButton-raised-183"
                      disabled={false}
                      onBlur={[Function]}
                      onClick={[Function]}
                      onFocus={[Function]}
                      onKeyDown={[Function]}
                      onKeyUp={[Function]}
                      onMouseDown={[Function]}
                      onMouseLeave={[Function]}
                      onMouseUp={[Function]}
                      onTouchEnd={[Function]}
                      onTouchMove={[Function]}
                      onTouchStart={[Function]}
                      style={
                        Object {
                          "backgroundColor": "#43a047",
                          "color": "#ffffff",
                          "marginBottom": "8px",
                          "marginRight": "8px",
                        }
                      }
                      tabIndex="0"
                      type="button"
                    >
                      <span
                        className="MuiButton-label-170"
                      >
                        <span
                          style={
                            Object {
                              "fontSize": "70%",
                            }
                          }
                        >
                          boundary
                          <br />
                          <span
                            style={
                              Object {
                                "fontSize": "200%",
                              }
                            }
                          >
                            4
                          </span>
                        </span>
                      </span>
                      <span
                        className="MuiTouchRipple-root-320"
                      />
                    </button>
                    <button
                      aria-label="Boundary Six"
                      className="MuiButtonBase-root-195 MuiButton-root-169 MuiButton-fab-186 MuiButton-extendedFab-187 MuiButton-contained-180 MuiButton-raised-183"
                      disabled={false}
                      onBlur={[Function]}
                      onClick={[Function]}
                      onFocus={[Function]}
                      onKeyDown={[Function]}
                      onKeyUp={[Function]}
                      onMouseDown={[Function]}
                      onMouseLeave={[Function]}
                      onMouseUp={[Function]}
                      onTouchEnd={[Function]}
                      onTouchMove={[Function]}
                      onTouchStart={[Function]}
                      style={
                        Object {
                          "backgroundColor": "#43a047",
                          "color": "#ffffff",
                          "marginBottom": "8px",
                          "marginRight": "8px",
                        }
                      }
                      tabIndex="0"
                      type="button"
                    >
                      <span
                        className="MuiButton-label-170"
                      >
                        <span
                          style={
                            Object {
                              "fontSize": "70%",
                            }
                          }
                        >
                          boundary
                          <br />
                          <span
                            style={
                              Object {
                                "fontSize": "200%",
                              }
                            }
                          >
                            6
                          </span>
                        </span>
                      </span>
                      <span
                        className="MuiTouchRipple-root-320"
                      />
                    </button>
                  </div>
                  <div
                    className="MuiGrid-container-29"
                  >
                    <div
                      className="MuiInputBase-root-293 MuiInput-root-280 MuiInput-underline-284"
                      onClick={[Function]}
                    >
                      <div
                        className="MuiSelect-root-273"
                      >
                        <div
                          aria-haspopup="true"
                          aria-owns={undefined}
                          aria-pressed="false"
                          className="MuiSelect-select-274 MuiSelect-selectMenu-277 MuiInputBase-input-303 MuiInput-input-288"
                          onBlur={[Function]}
                          onClick={[Function]}
                          onFocus={[Function]}
                          onKeyDown={[Function]}
                          role="button"
                          tabIndex={0}
                        >
                          or select a score...
                        </div>
                        <input
                          autoComplete={undefined}
                          autoFocus={undefined}
                          defaultValue={undefined}
                          id={undefined}
                          name={undefined}
                          onKeyDown={undefined}
                          onKeyUp={undefined}
                          placeholder={undefined}
                          rows={undefined}
                          type="hidden"
                          value={0}
                        />
                        <svg
                          aria-hidden="true"
                          className="MuiSvgIcon-root-223 MuiSelect-icon-279"
                          color={undefined}
                          focusable="false"
                          role="presentation"
                          viewBox="0 0 24 24"
                        >
                          <path
                            d="M7 10l5 5 5-5z"
                          />
                        </svg>
                      </div>
                    </div>
                  </div>
                </div>
              </div>
            </div>
          </div>
        </div>
      </div>
    </div>
  </div>
  <div
    className="MuiPaper-root-2 MuiPaper-elevation1-5 MuiPaper-rounded-3"
    style={
      Object {
        "height": "100%",
        "padding": "10px",
      }
    }
  >
    <div
      className="MuiGrid-container-29"
    >
      <h5
        className="MuiTypography-root-130 MuiTypography-h5-146"
      >
        <span
          style={
            Object {
              "transition": "background-color 1s",
            }
          }
        >
          Team 1 0-0
        </span>
      </h5>
      <div
        className="MuiGrid-container-29"
      >
        <div
          className="MuiGrid-item-30 MuiGrid-grid-xs-12-69 MuiGrid-grid-sm-12-83 MuiGrid-grid-md-12-97 MuiGrid-grid-lg-8-107"
        >
          <div
            className="MuiGrid-container-29 Batting-header-314"
          >
            <div
              className="MuiGrid-item-30 MuiGrid-grid-xs-10-67 MuiGrid-grid-md-7-92"
            >
              <h6
                className="MuiTypography-root-130 MuiTypography-subtitle1-148 MuiTypography-colorInherit-159"
                style={undefined}
              >
                Batsman
              </h6>
            </div>
            <div
              className="MuiGrid-item-30 MuiGrid-grid-xs-2-59 MuiGrid-grid-md-1-86"
            >
              <h6
                className="MuiTypography-root-130 MuiTypography-subtitle1-148 MuiTypography-colorInherit-159"
                style={
                  Object {
                    "textAlign": "right",
                  }
                }
              >
                Runs
              </h6>
            </div>
            <div
              className="MuiGrid-item-30 MuiGrid-grid-md-1-86"
            >
              <h6
                className="MuiTypography-root-130 MuiTypography-subtitle1-148 MuiTypography-colorInherit-159"
                style={
                  Object {
                    "textAlign": "right",
                  }
                }
              >
                Balls
              </h6>
            </div>
            <div
              className="MuiGrid-item-30 MuiGrid-grid-md-1-86"
            >
              <h6
                className="MuiTypography-root-130 MuiTypography-subtitle1-148 MuiTypography-colorInherit-159"
                style={
                  Object {
                    "textAlign": "right",
                  }
                }
              >
                Mins
              </h6>
            </div>
            <div
              className="MuiGrid-item-30 MuiGrid-grid-md-1-86"
            >
              <h6
                className="MuiTypography-root-130 MuiTypography-subtitle1-148 MuiTypography-colorInherit-159"
                style={
                  Object {
                    "textAlign": "right",
                  }
                }
              >
                4s
              </h6>
            </div>
            <div
              className="MuiGrid-item-30 MuiGrid-grid-md-1-86"
            >
              <h6
                className="MuiTypography-root-130 MuiTypography-subtitle1-148 MuiTypography-colorInherit-159"
                style={
                  Object {
                    "textAlign": "right",
                  }
                }
              >
                6s
              </h6>
            </div>
          </div>
          <div
            className="MuiGrid-container-29"
          >
            <div
              className="MuiGrid-item-30 MuiGrid-grid-xs-4-61 MuiGrid-grid-md-3-88"
            >
              <p
                className="MuiTypography-root-130 MuiTypography-body2-138"
              >
                Player 1
              </p>
            </div>
            <div
              className="MuiGrid-item-30 MuiGrid-grid-xs-6-63 MuiGrid-grid-md-4-89"
            >
              <p
                className="MuiTypography-root-130 MuiTypography-body2-138"
              >
                <span
                  style={
                    Object {
                      "transition": "background-color 1s",
                    }
                  }
                >
                  not out
                </span>
              </p>
            </div>
            <div
              className="MuiGrid-item-30 MuiGrid-grid-xs-2-59 MuiGrid-grid-md-1-86"
            >
              <p
                className="MuiTypography-root-130 MuiTypography-body1-139"
                style={
                  Object {
                    "fontWeight": "bold",
                    "textAlign": "right",
                  }
                }
              >
                <span
                  style={
                    Object {
                      "transition": "background-color 1s",
                    }
                  }
                >
                  0
                </span>
              </p>
            </div>
            <div
              className="MuiGrid-item-30 MuiGrid-grid-md-1-86"
            >
              <p
                className="MuiTypography-root-130 MuiTypography-body1-139"
                style={
                  Object {
                    "textAlign": "right",
                  }
                }
              >
                <span
                  style={
                    Object {
                      "transition": "background-color 1s",
                    }
                  }
                >
                  0
                </span>
              </p>
            </div>
            <div
              className="MuiGrid-item-30 MuiGrid-grid-md-1-86"
            >
              <p
                className="MuiTypography-root-130 MuiTypography-body1-139"
                style={
                  Object {
                    "textAlign": "right",
                  }
                }
              >
                <span
                  style={
                    Object {
                      "transition": "background-color 1s",
                    }
                  }
                >
                  0
                </span>
              </p>
            </div>
            <div
              className="MuiGrid-item-30 MuiGrid-grid-md-1-86"
            >
              <p
                className="MuiTypography-root-130 MuiTypography-body1-139"
                style={
                  Object {
                    "textAlign": "right",
                  }
                }
              >
                <span
                  style={
                    Object {
                      "transition": "background-color 1s",
                    }
                  }
                >
                  0
                </span>
              </p>
            </div>
            <div
              className="MuiGrid-item-30 MuiGrid-grid-md-1-86"
            >
              <p
                className="MuiTypography-root-130 MuiTypography-body1-139"
                style={
                  Object {
                    "textAlign": "right",
                  }
                }
              >
                <span
                  style={
                    Object {
                      "transition": "background-color 1s",
                    }
                  }
                >
                  0
                </span>
              </p>
            </div>
          </div>
          <div
            className="MuiGrid-item-30 MuiGrid-grid-xs-12-69"
          >
            <hr
              className="MuiDivider-root-269"
            />
          </div>
          <div
            className="MuiGrid-container-29"
          >
            <div
              className="MuiGrid-item-30 MuiGrid-grid-xs-4-61 MuiGrid-grid-md-3-88"
            >
              <p
                className="MuiTypography-root-130 MuiTypography-body2-138"
              >
                Player 2
              </p>
            </div>
            <div
              className="MuiGrid-item-30 MuiGrid-grid-xs-6-63 MuiGrid-grid-md-4-89"
            >
              <p
                className="MuiTypography-root-130 MuiTypography-body2-138"
              >
                <span
                  style={
                    Object {
                      "transition": "background-color 1s",
                    }
                  }
                >
                  not out
                </span>
              </p>
            </div>
            <div
              className="MuiGrid-item-30 MuiGrid-grid-xs-2-59 MuiGrid-grid-md-1-86"
            >
              <p
                className="MuiTypography-root-130 MuiTypography-body1-139"
                style={
                  Object {
                    "fontWeight": "bold",
                    "textAlign": "right",
                  }
                }
              >
                <span
                  style={
                    Object {
                      "transition": "background-color 1s",
                    }
                  }
                >
                  0
                </span>
              </p>
            </div>
            <div
              className="MuiGrid-item-30 MuiGrid-grid-md-1-86"
            >
              <p
                className="MuiTypography-root-130 MuiTypography-body1-139"
                style={
                  Object {
                    "textAlign": "right",
                  }
                }
              >
                <span
                  style={
                    Object {
                      "transition": "background-color 1s",
                    }
                  }
                >
                  0
                </span>
              </p>
            </div>
            <div
              className="MuiGrid-item-30 MuiGrid-grid-md-1-86"
            >
              <p
                className="MuiTypography-root-130 MuiTypography-body1-139"
                style={
                  Object {
                    "textAlign": "right",
                  }
                }
              >
                <span
                  style={
                    Object {
                      "transition": "background-color 1s",
                    }
                  }
                >
                  0
                </span>
              </p>
            </div>
            <div
              className="MuiGrid-item-30 MuiGrid-grid-md-1-86"
            >
              <p
                className="MuiTypography-root-130 MuiTypography-body1-139"
                style={
                  Object {
                    "textAlign": "right",
                  }
                }
              >
                <span
                  style={
                    Object {
                      "transition": "background-color 1s",
                    }
                  }
                >
                  0
                </span>
              </p>
            </div>
            <div
              className="MuiGrid-item-30 MuiGrid-grid-md-1-86"
            >
              <p
                className="MuiTypography-root-130 MuiTypography-body1-139"
                style={
                  Object {
                    "textAlign": "right",
                  }
                }
              >
                <span
                  style={
                    Object {
                      "transition": "background-color 1s",
                    }
                  }
                >
                  0
                </span>
              </p>
            </div>
          </div>
          <div
            className="MuiGrid-item-30 MuiGrid-grid-xs-12-69"
          >
            <hr
              className="MuiDivider-root-269"
            />
          </div>
          <div
            className="MuiGrid-container-29"
          >
            <div
              className="MuiGrid-item-30 MuiGrid-grid-xs-4-61 MuiGrid-grid-md-3-88"
            >
              <p
                className="MuiTypography-root-130 MuiTypography-body2-138"
              >
                Player 3
              </p>
            </div>
            <div
              className="MuiGrid-item-30 MuiGrid-grid-xs-6-63 MuiGrid-grid-md-4-89"
            >
              <p
                className="MuiTypography-root-130 MuiTypography-body2-138"
              >
                <span
                  style={
                    Object {
                      "transition": "background-color 1s",
                    }
                  }
                >
                  
                </span>
              </p>
            </div>
            <div
              className="MuiGrid-item-30 MuiGrid-grid-xs-2-59 MuiGrid-grid-md-1-86"
            >
              <p
                className="MuiTypography-root-130 MuiTypography-body1-139"
                style={
                  Object {
                    "fontWeight": "bold",
                    "textAlign": "right",
                  }
                }
              >
                <span
                  style={
                    Object {
                      "transition": "background-color 1s",
                    }
                  }
                >
                  
                </span>
              </p>
            </div>
            <div
              className="MuiGrid-item-30 MuiGrid-grid-md-1-86"
            >
              <p
                className="MuiTypography-root-130 MuiTypography-body1-139"
                style={
                  Object {
                    "textAlign": "right",
                  }
                }
              >
                <span
                  style={
                    Object {
                      "transition": "background-color 1s",
                    }
                  }
                >
                  
                </span>
              </p>
            </div>
            <div
              className="MuiGrid-item-30 MuiGrid-grid-md-1-86"
            >
              <p
                className="MuiTypography-root-130 MuiTypography-body1-139"
                style={
                  Object {
                    "textAlign": "right",
                  }
                }
              >
                <span
                  style={
                    Object {
                      "transition": "background-color 1s",
                    }
                  }
                >
                  
                </span>
              </p>
            </div>
            <div
              className="MuiGrid-item-30 MuiGrid-grid-md-1-86"
            >
              <p
                className="MuiTypography-root-130 MuiTypography-body1-139"
                style={
                  Object {
                    "textAlign": "right",
                  }
                }
              >
                <span
                  style={
                    Object {
                      "transition": "background-color 1s",
                    }
                  }
                >
                  
                </span>
              </p>
            </div>
            <div
              className="MuiGrid-item-30 MuiGrid-grid-md-1-86"
            >
              <p
                className="MuiTypography-root-130 MuiTypography-body1-139"
                style={
                  Object {
                    "textAlign": "right",
                  }
                }
              >
                <span
                  style={
                    Object {
                      "transition": "background-color 1s",
                    }
                  }
                >
                  
                </span>
              </p>
            </div>
          </div>
          <div
            className="MuiGrid-item-30 MuiGrid-grid-xs-12-69"
          >
            <hr
              className="MuiDivider-root-269"
            />
          </div>
          <div
            className="MuiGrid-container-29"
          >
            <div
              className="MuiGrid-item-30 MuiGrid-grid-xs-4-61 MuiGrid-grid-md-3-88"
            >
              <p
                className="MuiTypography-root-130 MuiTypography-body1-139"
              >
                Extras
              </p>
            </div>
            <div
              className="MuiGrid-item-30 MuiGrid-grid-xs-6-63 MuiGrid-grid-md-4-89"
            >
              <p
                className="MuiTypography-root-130 MuiTypography-body2-138"
              >
                <span
                  style={
                    Object {
                      "transition": "background-color 1s",
                    }
                  }
                >
                  0nb 0wd 0b 0lb
                </span>
              </p>
            </div>
            <div
              className="MuiGrid-item-30 MuiGrid-grid-xs-2-59 MuiGrid-grid-md-1-86"
            >
              <p
                className="MuiTypography-root-130 MuiTypography-body1-139"
                style={
                  Object {
                    "fontWeight": "bold",
                    "textAlign": "right",
                  }
                }
              >
                <span
                  style={
                    Object {
                      "transition": "background-color 1s",
                    }
                  }
                >
                  0
                </span>
              </p>
            </div>
          </div>
          <div
            className="MuiGrid-container-29 Batting-header-314"
          >
            <div
              className="MuiGrid-item-30 MuiGrid-grid-xs-4-61 MuiGrid-grid-md-3-88"
            >
              <h6
                className="MuiTypography-root-130 MuiTypography-subtitle1-148 MuiTypography-colorInherit-159"
                style={undefined}
              >
                Total
              </h6>
            </div>
            <div
              className="MuiGrid-item-30 MuiGrid-grid-md-4-89"
            >
              <h6
                className="MuiTypography-root-130 MuiTypography-subtitle1-148 MuiTypography-colorInherit-159"
                style={undefined}
              >
                <span
                  style={
                    Object {
                      "transition": "background-color 1s",
                    }
                  }
                >
                  for 0 (0 overs)
                </span>
              </h6>
            </div>
            <div
              className="MuiGrid-item-30 MuiGrid-grid-xs-2-59 MuiGrid-grid-md-1-86"
            >
              <h6
                className="MuiTypography-root-130 MuiTypography-subtitle1-148 MuiTypography-colorInherit-159"
                style={
                  Object {
                    "fontWeight": "bold",
                    "textAlign": "right",
                  }
                }
              >
                <span
                  style={
                    Object {
                      "transition": "background-color 1s",
                    }
                  }
                >
                  0
                </span>
              </h6>
            </div>
          </div>
        </div>
        <div
          className="MuiGrid-item-30 MuiGrid-grid-xs-12-69 MuiGrid-grid-lg-3-102"
        >
          <div
            className="MuiGrid-container-29 FallOfWickets-header-316"
          >
            <h6
              className="MuiTypography-root-130 MuiTypography-subtitle1-148 MuiTypography-colorInherit-159"
              style={undefined}
            >
              Fall of wickets
            </h6>
          </div>
        </div>
        <div
          className="MuiGrid-item-30 MuiGrid-grid-xs-12-69 MuiGrid-grid-sm-12-83 MuiGrid-grid-md-12-97 MuiGrid-grid-lg-8-107"
        >
          <h5
            className="MuiTypography-root-130 MuiTypography-h5-146"
          >
            Team 2
             bowling
          </h5>
          <div
            className="MuiGrid-container-29 Bowling-header-318"
          >
            <div
              className="MuiGrid-item-30 MuiGrid-grid-xs-6-63 MuiGrid-grid-md-5-90"
            />
            <div
              className="MuiGrid-item-30 MuiGrid-grid-xs-2-59"
            >
              <h6
                className="MuiTypography-root-130 MuiTypography-subtitle1-148 MuiTypography-colorInherit-159"
                style={
                  Object {
                    "textAlign": "center",
                  }
                }
              >
                Overs
              </h6>
            </div>
            <div
              className="MuiGrid-item-30 MuiGrid-grid-md-2-87"
            >
              <h6
                className="MuiTypography-root-130 MuiTypography-subtitle1-148 MuiTypography-colorInherit-159"
                style={
                  Object {
                    "textAlign": "center",
                  }
                }
              >
                Maidens
              </h6>
            </div>
            <div
              className="MuiGrid-item-30 MuiGrid-grid-xs-2-59"
            >
              <h6
                className="MuiTypography-root-130 MuiTypography-subtitle1-148 MuiTypography-colorInherit-159"
                style={
                  Object {
                    "textAlign": "center",
                  }
                }
              >
                Runs
              </h6>
            </div>
            <div
              className="MuiGrid-item-30 MuiGrid-grid-xs-2-59 MuiGrid-grid-md-1-86"
            >
              <h6
                className="MuiTypography-root-130 MuiTypography-subtitle1-148 MuiTypography-colorInherit-159"
                style={
                  Object {
                    "textAlign": "center",
                  }
                }
              >
                Wkts
              </h6>
            </div>
          </div>
          <div
            className="MuiGrid-container-29"
          >
            <div
              className="MuiGrid-item-30 MuiGrid-grid-xs-6-63 MuiGrid-grid-md-5-90"
            >
              <p
                className="MuiTypography-root-130 MuiTypography-body2-138"
              >
                Player 22
              </p>
            </div>
            <div
              className="MuiGrid-item-30 MuiGrid-grid-xs-2-59"
              style={
                Object {
                  "textAlign": "center",
                }
              }
            >
              <p
                className="MuiTypography-root-130 MuiTypography-body2-138"
              >
                <span
                  style={
                    Object {
                      "transition": "background-color 1s",
                    }
                  }
                >
                  0
                </span>
              </p>
            </div>
            <div
              className="MuiGrid-item-30 MuiGrid-grid-md-2-87"
              style={
                Object {
                  "textAlign": "center",
                }
              }
            >
              <p
                className="MuiTypography-root-130 MuiTypography-body2-138"
              >
                <span
                  style={
                    Object {
                      "transition": "background-color 1s",
                    }
                  }
                >
                  0
                </span>
              </p>
            </div>
            <div
              className="MuiGrid-item-30 MuiGrid-grid-xs-2-59"
              style={
                Object {
                  "textAlign": "center",
                }
              }
            >
              <p
                className="MuiTypography-root-130 MuiTypography-body2-138"
              >
                <span
                  style={
                    Object {
                      "transition": "background-color 1s",
                    }
                  }
                >
                  0
                </span>
              </p>
            </div>
            <div
              className="MuiGrid-item-30 MuiGrid-grid-xs-2-59 MuiGrid-grid-md-1-86"
              style={
                Object {
                  "textAlign": "center",
                }
              }
            >
              <p
                className="MuiTypography-root-130 MuiTypography-body2-138"
              >
                <span
                  style={
                    Object {
                      "transition": "background-color 1s",
                    }
                  }
                >
                  0
                </span>
              </p>
            </div>
          </div>
          <div
            className="MuiGrid-item-30 MuiGrid-grid-xs-12-69"
          >
            <hr
              className="MuiDivider-root-269"
            />
          </div>
          <div
            className="MuiGrid-container-29"
          >
            <div
              className="MuiGrid-item-30 MuiGrid-grid-xs-6-63 MuiGrid-grid-md-5-90"
            >
              <p
                className="MuiTypography-root-130 MuiTypography-body2-138"
              >
                Player 21
              </p>
            </div>
            <div
              className="MuiGrid-item-30 MuiGrid-grid-xs-2-59"
              style={
                Object {
                  "textAlign": "center",
                }
              }
            >
              <p
                className="MuiTypography-root-130 MuiTypography-body2-138"
              >
                <span
                  style={
                    Object {
                      "transition": "background-color 1s",
                    }
                  }
                >
                  0
                </span>
              </p>
            </div>
            <div
              className="MuiGrid-item-30 MuiGrid-grid-md-2-87"
              style={
                Object {
                  "textAlign": "center",
                }
              }
            >
              <p
                className="MuiTypography-root-130 MuiTypography-body2-138"
              >
                <span
                  style={
                    Object {
                      "transition": "background-color 1s",
                    }
                  }
                >
                  0
                </span>
              </p>
            </div>
            <div
              className="MuiGrid-item-30 MuiGrid-grid-xs-2-59"
              style={
                Object {
                  "textAlign": "center",
                }
              }
            >
              <p
                className="MuiTypography-root-130 MuiTypography-body2-138"
              >
                <span
                  style={
                    Object {
                      "transition": "background-color 1s",
                    }
                  }
                >
                  0
                </span>
              </p>
            </div>
            <div
              className="MuiGrid-item-30 MuiGrid-grid-xs-2-59 MuiGrid-grid-md-1-86"
              style={
                Object {
                  "textAlign": "center",
                }
              }
            >
              <p
                className="MuiTypography-root-130 MuiTypography-body2-138"
              >
                <span
                  style={
                    Object {
                      "transition": "background-color 1s",
                    }
                  }
                >
                  0
                </span>
              </p>
            </div>
          </div>
          <div
            className="MuiGrid-item-30 MuiGrid-grid-xs-12-69"
          >
            <hr
              className="MuiDivider-root-269"
            />
          </div>
        </div>
      </div>
    </div>
  </div>
</div>
`;

exports[`InProgress should render correctly for match that has not started 1`] = `
<div
  className="MuiPaper-root-2 MuiPaper-elevation2-6 MuiPaper-rounded-3 withRouter-InProgress--root-1"
>
  <div
    className="MuiGrid-container-29"
  >
    <div
      className="MuiGrid-item-30 MuiGrid-grid-sm-1-72 MuiGrid-grid-md-2-87"
    />
    <div
      className="MuiGrid-item-30 MuiGrid-grid-xs-12-69 MuiGrid-grid-sm-10-81 MuiGrid-grid-md-8-93"
    >
      <div
        className="MuiToolbar-root-126 MuiToolbar-regular-128"
      >
        <h4
          className="MuiTypography-root-130 MuiTypography-h4-145 MuiTypography-colorInherit-159"
          style={
            Object {
              "flexGrow": 1,
            }
          }
        >
          Select number 1
        </h4>
      </div>
      <div
        className="MuiPaper-root-2 MuiPaper-elevation0-4 MuiStepper-root-198 MuiStepper-horizontal-199"
      >
        <div
          className="MuiStep-root-202 MuiStep-horizontal-203 MuiStep-completed-206"
        >
          <span
            className="MuiStepLabel-root-207 MuiStepLabel-horizontal-208 MuiStepLabel-disabled-214"
          >
            <span
              className="MuiStepLabel-iconContainer-215"
            >
              <svg
                aria-hidden="true"
                className="MuiSvgIcon-root-223 MuiStepIcon-root-218 MuiStepIcon-completed-221"
                color={undefined}
                focusable="false"
                role="presentation"
                viewBox="0 0 24 24"
              >
                <path
                  d="M12 0a12 12 0 1 0 0 24 12 12 0 0 0 0-24zm-2 17l-5-5 1.4-1.4 3.6 3.6 7.6-7.6L19 8l-9 9z"
                />
              </svg>
            </span>
            <span
              className="MuiStepLabel-labelContainer-217"
            >
              <span
                className="MuiTypography-root-130 MuiTypography-body1-139 MuiStepLabel-label-210 MuiStepLabel-completed-212"
              >
                Select batting team
              </span>
            </span>
          </span>
        </div>
        <div
          className="MuiStepConnector-root-232 MuiStepConnector-horizontal-233 MuiStepConnector-active-236"
        >
          <span
            className="MuiStepConnector-line-239 MuiStepConnector-lineHorizontal-240"
          />
        </div>
        <div
          className="MuiStep-root-202 MuiStep-horizontal-203"
        >
          <span
            className="MuiStepLabel-root-207 MuiStepLabel-horizontal-208"
          >
            <span
              className="MuiStepLabel-iconContainer-215"
            >
              <svg
                aria-hidden="true"
                className="MuiSvgIcon-root-223 MuiStepIcon-root-218 MuiStepIcon-active-220"
                color={undefined}
                focusable="false"
                role="presentation"
                viewBox="0 0 24 24"
              >
                <circle
                  cx="12"
                  cy="12"
                  r="12"
                />
                <text
                  className="MuiStepIcon-text-219"
                  textAnchor="middle"
                  x="12"
                  y="16"
                >
                  2
                </text>
              </svg>
            </span>
            <span
              className="MuiStepLabel-labelContainer-217"
            >
              <span
                className="MuiTypography-root-130 MuiTypography-body1-139 MuiStepLabel-label-210 MuiStepLabel-active-211"
              >
                Select number 1
              </span>
            </span>
          </span>
        </div>
        <div
          className="MuiStepConnector-root-232 MuiStepConnector-horizontal-233 MuiStepConnector-disabled-238"
        >
          <span
            className="MuiStepConnector-line-239 MuiStepConnector-lineHorizontal-240"
          />
        </div>
        <div
          className="MuiStep-root-202 MuiStep-horizontal-203"
        >
          <span
            className="MuiStepLabel-root-207 MuiStepLabel-horizontal-208"
          >
            <span
              className="MuiStepLabel-iconContainer-215"
            >
              <svg
                aria-hidden="true"
                className="MuiSvgIcon-root-223 MuiStepIcon-root-218"
                color={undefined}
                focusable="false"
                role="presentation"
                viewBox="0 0 24 24"
              >
                <circle
                  cx="12"
                  cy="12"
                  r="12"
                />
                <text
                  className="MuiStepIcon-text-219"
                  textAnchor="middle"
                  x="12"
                  y="16"
                >
                  3
                </text>
              </svg>
            </span>
            <span
              className="MuiStepLabel-labelContainer-217"
            >
              <span
                className="MuiTypography-root-130 MuiTypography-body1-139 MuiStepLabel-label-210"
              >
                Select number 2
              </span>
            </span>
          </span>
        </div>
      </div>
      <ul
        className="MuiList-root-165 MuiList-padding-166"
      />
      <div>
        <button
          className="MuiButtonBase-root-195 MuiButtonBase-disabled-196 MuiButton-root-169 MuiButton-text-171 MuiButton-flat-174 MuiButton-disabled-189"
          disabled={true}
          onBlur={[Function]}
          onClick={[Function]}
          onFocus={[Function]}
          onKeyDown={[Function]}
          onKeyUp={[Function]}
          onMouseDown={[Function]}
          onMouseLeave={[Function]}
          onMouseUp={[Function]}
          onTouchEnd={[Function]}
          onTouchMove={[Function]}
          onTouchStart={[Function]}
          tabIndex="-1"
          type="button"
        >
          <span
            className="MuiButton-label-170"
          >
            Back
          </span>
        </button>
        <button
          className="MuiButtonBase-root-195 MuiButtonBase-disabled-196 MuiButton-root-169 MuiButton-contained-180 MuiButton-containedPrimary-181 MuiButton-raised-183 MuiButton-raisedPrimary-184 MuiButton-disabled-189"
          disabled={true}
          onBlur={[Function]}
          onClick={[Function]}
          onFocus={[Function]}
          onKeyDown={[Function]}
          onKeyUp={[Function]}
          onMouseDown={[Function]}
          onMouseLeave={[Function]}
          onMouseUp={[Function]}
          onTouchEnd={[Function]}
          onTouchMove={[Function]}
          onTouchStart={[Function]}
          tabIndex="-1"
          type="button"
        >
          <span
            className="MuiButton-label-170"
          >
            Next
          </span>
        </button>
      </div>
    </div>
  </div>
</div>
`;

exports[`InProgress should render correctly for match with started innings 1`] = `
<div
  className="MuiPaper-root-2 MuiPaper-elevation2-6 MuiPaper-rounded-3 withRouter-InProgress--root-1"
/>
`;

exports[`InProgress should render correctly when no match 1`] = `
<div
  className="MuiPaper-root-2 MuiPaper-elevation2-6 MuiPaper-rounded-3 withRouter-InProgress--root-1"
/>
`;

exports[`InProgress should render correctly when there is a previous bowler 1`] = `
<div
  className="MuiPaper-root-2 MuiPaper-elevation2-6 MuiPaper-rounded-3 withRouter-InProgress--root-1"
/>
`;

exports[`InProgress should render correctly when there is a previous bowler from the current end 1`] = `
<div
  className="MuiPaper-root-2 MuiPaper-elevation2-6 MuiPaper-rounded-3 withRouter-InProgress--root-1"
/>
`;
